<html>
<body>
<pre>
<h1>礦ision Build Log</h1>
<h2>Tool Versions:</h2>
IDE-Version: 礦ision V5.34.0.0
Copyright (C) 2021 ARM Ltd and ARM Germany GmbH. All rights reserved.
License Information: Agustin Benegas, GICom, LIC=FHYH9-4W2B6-PQ3HC-KTAKN-MI3FH-T058F
 
Tool Versions:
Toolchain:       MDK-ARM Cortex-M0/M0+ for ST  Version: 5.34.0.0
Toolchain Path:  C:\Keil_v5\ARM\ARMCC\Bin
C Compiler:      Armcc.exe V5.06 update 7 (build 960)
Assembler:       Armasm.exe V5.06 update 7 (build 960)
Linker/Locator:  ArmLink.exe V5.06 update 7 (build 960)
Library Manager: ArmAr.exe V5.06 update 7 (build 960)
Hex Converter:   FromElf.exe V5.06 update 7 (build 960)
CPU DLL:         SARMCM3.DLL V5.34.0.0
Dialog DLL:      DARMCM1.DLL V1.19.4.0
Target DLL:      STLink\ST-LINKIII-KEIL_SWO.dll V3.0.8.0
Dialog DLL:      TARMCM1.DLL V1.14.3.0
 
<h2>Project:</h2>
D:\Documents\GitHub\LGT-92_-LoRa_GPS_Tracker\Projects\Multi\Applications\LoRa\DRAGINO-LRWAN(AT)\MDK-ARM\STM32L072CZ-Nucleo\Lora.uvprojx
Project File Date:  09/17/2021

<h2>Output:</h2>
*** Using Compiler 'V5.06 update 7 (build 960)', folder: 'C:\Keil_v5\ARM\ARMCC\Bin'
Rebuild target 'sx1276mb1las'
compiling iwdg.c...
compiling stm32l0xx_nucleo.c...
compiling system_stm32l0xx.c...
compiling IIC.c...
compiling filter.c...
compiling flash_eraseprogram.c...
compiling stm32l0xx_hal_adc.c...
compiling gpio_exti.c...
compiling bsp_usart2.c...
..\..\..\..\..\..\..\Drivers\BSP\Components\usart\bsp_usart2.c(15): warning:  #177-D: variable "buff"  was declared but never referenced
  static char buff[BUFSIZE];
..\..\..\..\..\..\..\Drivers\BSP\Components\usart\bsp_usart2.c: 1 warning, 0 errors
compiling sx1276mb1las.c...
compiling gps.c...
..\..\..\..\..\..\..\Drivers\BSP\Components\gps\gps.c(227): warning:  #223-D: function "isspace" declared implicitly
      while ( isspace(*p) )//跳过前面的空格
..\..\..\..\..\..\..\Drivers\BSP\Components\gps\gps.c: 1 warning, 0 errors
compiling stm32l0xx_hal_spi.c...
compiling stm32l0xx_hal_uart.c...
compiling mpu9250.c...
compiling sx1276.c...
compiling stm32l0xx_hal.c...
compiling stm32l0xx_hal_rcc.c...
compiling stm32l0xx_hal_rcc_ex.c...
compiling stm32l0xx_hal_cortex.c...
compiling stm32l0xx_hal_pwr_ex.c...
compiling stm32l0xx_hal_gpio.c...
compiling stm32l0xx_hal_rtc.c...
compiling stm32l0xx_hal_rtc_ex.c...
compiling stm32l0xx_hal_tim_ex.c...
compiling stm32l0xx_hal_uart_ex.c...
compiling stm32l0xx_hal_adc_ex.c...
compiling stm32l0xx_hal_pwr.c...
assembling startup_stm32l072xx.s...
compiling stm32l0xx_hal_i2c_ex.c...
compiling stm32l0xx_hal_flash_ex.c...
compiling stm32l0xx_hal_flash.c...
compiling stm32l0xx_hal_dma.c...
compiling stm32l0xx_hal_i2c.c...
compiling stm32l0xx_hal_tim.c...
compiling stm32l0xx_hal_iwdg.c...
compiling bsp.c...
compiling tiny_sscanf.c...
compiling tiny_vsnprintf.c...
compiling hw_rtc.c...
compiling debug.c...
compiling hw_gpio.c...
compiling hw_spi.c...
compiling stm32l0xx_hal_msp.c...
compiling stm32l0xx_it.c...
compiling vcom.c...
compiling stm32l0xx_hw.c...
compiling command.c...
compiling RegionAU915.c...
compiling Region.c...
compiling RegionAS923.c...
compiling lora.c...
..\..\src\lora.c(878): warning:  #223-D: function "LoRaMacTestSetDutyCycleOn" declared implicitly
    LoRaMacTestSetDutyCycleOn((duty_cycle == LORA_ENABLE) ? 1 : 0);
..\..\src\lora.c(1273): warning:  #223-D: function "LoRaMacTestSetDutyCycleOn" declared implicitly
  	LoRaMacTestSetDutyCycleOn((lora_config.duty_cycle == LORA_ENABLE) ? 1 : 0);
..\..\src\lora.c: 2 warnings, 0 errors
compiling at.c...
compiling main.c...
..\..\src\main.c(1437): warning:  #177-D: function "LoraStartRejoin"  was declared but never referenced
  static void LoraStartRejoin(TxEventType_t EventType)
..\..\src\main.c: 1 warning, 0 errors
compiling RegionCN470.c...
compiling RegionCommon.c...
compiling RegionCN779.c...
compiling RegionEU868.c...
compiling RegionKR920.c...
compiling RegionIN865.c...
compiling RegionEU433.c...
compiling RegionRU864.c...
compiling RegionUS915.c...
compiling delay.c...
compiling lora-test.c...
compiling LoRaMacCrypto.c...
compiling RegionKZ865.c...
compiling aes.c...
compiling trace.c...
compiling low_power_manager.c...
compiling utilities.c...
compiling timeServer.c...
compiling LoRaMac.c...
compiling queue.c...
compiling cmac.c...
linking...
Program Size: Code=86360 RO-data=8260 RW-data=1284 ZI-data=9340  
FromELF: creating hex file...
".\sx1276mb1las\NUCLEO_CUBE_LORA_GICOM.axf" - 0 Error(s), 5 Warning(s).

<h2>Software Packages used:</h2>

Package Vendor: Keil
                http://www.keil.com/pack/Keil.STM32L0xx_DFP.2.1.0.pack
                Keil.STM32L0xx_DFP.2.1.0
                STMicroelectronics STM32L0 Series Device Support, Drivers and Examples

<h2>Collection of Component include folders:</h2>
  C:\Users\beneg\AppData\Local\Arm\Packs\Keil\STM32L0xx_DFP\2.1.0\Drivers\CMSIS\Device\ST\STM32L0xx\Include

<h2>Collection of Component Files used:</h2>
Build Time Elapsed:  00:00:34
</pre>
</body>
</html>
