Component: ARM Compiler 5.06 update 7 (build 960) Tool: armlink [4d3601]

==============================================================================

Section Cross References

    flash_eraseprogram.o(i.EEPROM_program) refers to stm32l0xx_hal_flash_ex.o(i.HAL_FLASHEx_DATAEEPROM_Unlock) for HAL_FLASHEx_DATAEEPROM_Unlock
    flash_eraseprogram.o(i.EEPROM_program) refers to stm32l0xx_hal_flash_ex.o(i.HAL_FLASHEx_DATAEEPROM_Program) for HAL_FLASHEx_DATAEEPROM_Program
    flash_eraseprogram.o(i.EEPROM_program) refers to trace.o(i.TraceSend) for TraceSend
    flash_eraseprogram.o(i.EEPROM_program) refers to stm32l0xx_hal_flash_ex.o(i.HAL_FLASHEx_DATAEEPROM_Lock) for HAL_FLASHEx_DATAEEPROM_Lock
    flash_eraseprogram.o(i.FLASH_erase) refers to stm32l0xx_hal_flash.o(i.HAL_FLASH_Unlock) for HAL_FLASH_Unlock
    flash_eraseprogram.o(i.FLASH_erase) refers to stm32l0xx_hal_flash_ex.o(i.HAL_FLASHEx_Erase) for HAL_FLASHEx_Erase
    flash_eraseprogram.o(i.FLASH_erase) refers to trace.o(i.TraceSend) for TraceSend
    flash_eraseprogram.o(i.FLASH_erase) refers to stm32l0xx_hal_flash.o(i.HAL_FLASH_Lock) for HAL_FLASH_Lock
    flash_eraseprogram.o(i.FLASH_erase) refers to flash_eraseprogram.o(.bss) for .bss
    flash_eraseprogram.o(i.FLASH_erase) refers to flash_eraseprogram.o(.data) for .data
    flash_eraseprogram.o(i.FLASH_program) refers to stm32l0xx_hal_flash.o(i.HAL_FLASH_Unlock) for HAL_FLASH_Unlock
    flash_eraseprogram.o(i.FLASH_program) refers to stm32l0xx_hal_flash.o(i.HAL_FLASH_Program) for HAL_FLASH_Program
    flash_eraseprogram.o(i.FLASH_program) refers to trace.o(i.TraceSend) for TraceSend
    flash_eraseprogram.o(i.FLASH_program) refers to stm32l0xx_hal_flash.o(i.HAL_FLASH_Lock) for HAL_FLASH_Lock
    flash_eraseprogram.o(i.FLASH_program_on_addr) refers to stm32l0xx_hal_flash.o(i.HAL_FLASH_Unlock) for HAL_FLASH_Unlock
    flash_eraseprogram.o(i.FLASH_program_on_addr) refers to stm32l0xx_hal_flash.o(i.HAL_FLASH_Program) for HAL_FLASH_Program
    flash_eraseprogram.o(i.FLASH_program_on_addr) refers to trace.o(i.TraceSend) for TraceSend
    flash_eraseprogram.o(i.FLASH_program_on_addr) refers to stm32l0xx_hal_flash.o(i.HAL_FLASH_Lock) for HAL_FLASH_Lock
    flash_eraseprogram.o(i.FLASH_read) refers to flash_eraseprogram.o(.data) for .data
    iwdg.o(i.GetLSIFrequency) refers to memseta.o(.text) for __aeabi_memclr4
    iwdg.o(i.GetLSIFrequency) refers to stm32l0xx_hal_rcc.o(i.HAL_RCC_OscConfig) for HAL_RCC_OscConfig
    iwdg.o(i.GetLSIFrequency) refers to debug.o(i.Error_Handler) for Error_Handler
    iwdg.o(i.GetLSIFrequency) refers to stm32l0xx_hal_tim.o(i.HAL_TIM_IC_Init) for HAL_TIM_IC_Init
    iwdg.o(i.GetLSIFrequency) refers to stm32l0xx_hal_tim_ex.o(i.HAL_TIMEx_RemapConfig) for HAL_TIMEx_RemapConfig
    iwdg.o(i.GetLSIFrequency) refers to stm32l0xx_hal_tim.o(i.HAL_TIM_IC_ConfigChannel) for HAL_TIM_IC_ConfigChannel
    iwdg.o(i.GetLSIFrequency) refers to stm32l0xx_hal_tim.o(i.HAL_TIM_IC_Start_IT) for HAL_TIM_IC_Start_IT
    iwdg.o(i.GetLSIFrequency) refers to stm32l0xx_hal_tim.o(i.HAL_TIM_IC_Stop_IT) for HAL_TIM_IC_Stop_IT
    iwdg.o(i.GetLSIFrequency) refers to stm32l0xx_hal_tim.o(i.HAL_TIM_IC_DeInit) for HAL_TIM_IC_DeInit
    iwdg.o(i.GetLSIFrequency) refers to iwdg.o(.bss) for .bss
    iwdg.o(i.GetLSIFrequency) refers to iwdg.o(.data) for .data
    iwdg.o(i.HAL_TIM_IC_CaptureCallback) refers to stm32l0xx_hal_tim.o(i.HAL_TIM_ReadCapturedValue) for HAL_TIM_ReadCapturedValue
    iwdg.o(i.HAL_TIM_IC_CaptureCallback) refers to uidiv.o(.text) for __aeabi_uidivmod
    iwdg.o(i.HAL_TIM_IC_CaptureCallback) refers to iwdg.o(.bss) for .bss
    iwdg.o(i.HAL_TIM_IC_CaptureCallback) refers to iwdg.o(.data) for .data
    iwdg.o(i.HAL_TIM_IC_CaptureCallback) refers to system_stm32l0xx.o(.data) for SystemCoreClock
    iwdg.o(i.IWDG_Refresh) refers to stm32l0xx_hal_iwdg.o(i.HAL_IWDG_Refresh) for HAL_IWDG_Refresh
    iwdg.o(i.IWDG_Refresh) refers to debug.o(i.Error_Handler) for Error_Handler
    iwdg.o(i.IWDG_Refresh) refers to iwdg.o(.bss) for .bss
    iwdg.o(i.TIMER_IRQHandler) refers to stm32l0xx_hal_tim.o(i.HAL_TIM_IRQHandler) for HAL_TIM_IRQHandler
    iwdg.o(i.TIMER_IRQHandler) refers to iwdg.o(.bss) for .bss
    iwdg.o(i.iwdg_init) refers to iwdg.o(i.GetLSIFrequency) for GetLSIFrequency
    iwdg.o(i.iwdg_init) refers to stm32l0xx_hal_iwdg.o(i.HAL_IWDG_Init) for HAL_IWDG_Init
    iwdg.o(i.iwdg_init) refers to debug.o(i.Error_Handler) for Error_Handler
    iwdg.o(i.iwdg_init) refers to iwdg.o(.data) for .data
    iwdg.o(i.iwdg_init) refers to iwdg.o(.bss) for .bss
    sx1276.o(i.GetFskBandwidthRegValue) refers to sx1276.o(.constdata) for .constdata
    sx1276.o(i.RxChainCalibration) refers to sx1276.o(i.SX1276Read) for SX1276Read
    sx1276.o(i.RxChainCalibration) refers to sx1276.o(i.SX1276Write) for SX1276Write
    sx1276.o(i.RxChainCalibration) refers to sx1276.o(i.SX1276SetChannel) for SX1276SetChannel
    sx1276.o(i.SX1276BoardInit) refers to sx1276.o(.data) for .data
[...]
    0x08002524   0x08002524   0x00000098   Code   RO         9187    i.AddMacCommand     loramac.o
    0x080025bc   0x080025bc   0x00000048   Code   RO         4856    i.BSP_battery_Init  bsp.o
    0x08002604   0x08002604   0x00000034   Code   RO         4857    i.BSP_powerLED_DeInit  bsp.o
    0x08002638   0x08002638   0x00000034   Code   RO         4858    i.BSP_powerLED_Init  bsp.o
    0x0800266c   0x0800266c   0x00000034   Code   RO         4859    i.BSP_sensor_DeInit  bsp.o
    0x080026a0   0x080026a0   0x0000003c   Code   RO         4860    i.BSP_sensor_Init   bsp.o
    0x080026dc   0x080026dc   0x00000068   Code   RO         4861    i.BSP_sensor_Read   bsp.o
    0x08002744   0x08002744   0x00000018   Code   RO         6501    i.CMD_GetChar       command.o
    0x0800275c   0x0800275c   0x00000018   Code   RO         6502    i.CMD_Init          command.o
    0x08002774   0x08002774   0x00000054   Code   RO         6503    i.CMD_Process       command.o
    0x080027c8   0x080027c8   0x00000034   Code   RO         5174    i.CalYaw            main.o
    0x080027fc   0x080027fc   0x00000040   Code   RO         9188    i.CalculateBackOff  loramac.o
    0x0800283c   0x0800283c   0x000001fc   Code   RO         9838    i.CircularQueue_Add  queue.o
    0x08002a38   0x08002a38   0x00000026   Code   RO         9840    i.CircularQueue_Init  queue.o
    0x08002a5e   0x08002a5e   0x00000002   PAD
    0x08002a60   0x08002a60   0x000000d0   Code   RO         9842    i.CircularQueue_Remove  queue.o
    0x08002b30   0x08002b30   0x000000a4   Code   RO         9843    i.CircularQueue_Sense  queue.o
    0x08002bd4   0x08002bd4   0x00000098   Code   RO         7386    i.ComputeNext125kHzJoinChannel  regionau915.o
    0x08002c6c   0x08002c6c   0x00000094   Code   RO         7387    i.CountNbOfEnabledChannels  regionau915.o
    0x08002d00   0x08002d00   0x00000034   Code   RO         5176    i.CountTurns        main.o
    0x08002d34   0x08002d34   0x00000060   Code   RO         4931    i.DBG_Init          debug.o
    0x08002d94   0x08002d94   0x00000008   Code   RO         5551    i.DMA1_Channel4_5_6_7_IRQHandler  stm32l0xx_it.o
    0x08002d9c   0x08002d9c   0x0000001e   Code   RO         2771    i.DMA_SetConfig     stm32l0xx_hal_dma.o
    0x08002dba   0x08002dba   0x00000008   Code   RO         9547    i.DelayMs           delay.o
    0x08002dc2   0x08002dc2   0x00000002   PAD
    0x08002dc4   0x08002dc4   0x00000028   Code   RO         6565    i.EEPROM_Store_Config  lora.o
    0x08002dec   0x08002dec   0x00000064   Code   RO            3    i.EEPROM_program    flash_eraseprogram.o
    0x08002e50   0x08002e50   0x00000010   Code   RO         5553    i.EXTI0_1_IRQHandler  stm32l0xx_it.o
    0x08002e60   0x08002e60   0x00000010   Code   RO         5554    i.EXTI2_3_IRQHandler  stm32l0xx_it.o
    0x08002e70   0x08002e70   0x000000cc   Code   RO         5555    i.EXTI4_15_IRQHandler  stm32l0xx_it.o
    0x08002f3c   0x08002f3c   0x00000058   Code   RO          533    i.EXTI4_15_IRQHandler_Config  gpio_exti.o
    0x08002f94   0x08002f94   0x00000002   Code   RO         4932    i.Error_Handler     debug.o
    0x08002f96   0x08002f96   0x00000002   PAD
    0x08002f98   0x08002f98   0x0000002c   Code   RO         4621    i.FLASH_PageErase   stm32l0xx_hal_flash_ex.o
    0x08002fc4   0x08002fc4   0x00000090   Code   RO         4729    i.FLASH_SetErrorCode  stm32l0xx_hal_flash.o
    0x08003054   0x08003054   0x00000070   Code   RO         4730    i.FLASH_WaitForLastOperation  stm32l0xx_hal_flash.o
    0x080030c4   0x080030c4   0x00000050   Code   RO            4    i.FLASH_erase       flash_eraseprogram.o
    0x08003114   0x08003114   0x00000054   Code   RO            5    i.FLASH_program     flash_eraseprogram.o
    0x08003168   0x08003168   0x00000044   Code   RO            6    i.FLASH_program_on_addr  flash_eraseprogram.o
    0x080031ac   0x080031ac   0x00000010   Code   RO            7    i.FLASH_read        flash_eraseprogram.o
    0x080031bc   0x080031bc   0x00000038   Code   RO         4862    i.GIComChargerSensor  bsp.o
    0x080031f4   0x080031f4   0x00000088   Code   RO          751    i.GPS_DegreeToDMS   gps.o
    0x0800327c   0x0800327c   0x0000002c   Code   RO          753    i.GPS_INFO_update   gps.o
    0x080032a8   0x080032a8   0x00000224   Code   RO          754    i.GPS_INPUT         gps.o
    0x080034cc   0x080034cc   0x00000038   Code   RO         4863    i.GPS_Init          bsp.o
    0x08003504   0x08003504   0x00000044   Code   RO          756    i.GPS_Run           gps.o
    0x08003548   0x08003548   0x00000044   Code   RO          758    i.GPS_doinit        gps.o
    0x0800358c   0x0800358c   0x00000068   Code   RO          759    i.GPS_init          gps.o
    0x080035f4   0x080035f4   0x000007ac   Code   RO          760    i.GPS_parse         gps.o
    0x08003da0   0x08003da0   0x00000070   Code   RO          761    i.GPS_usart         gps.o
    0x08003e10   0x08003e10   0x00000024   Code   RO         7388    i.GetBandwidth      regionau915.o
    0x08003e34   0x08003e34   0x0000002c   Code   RO          269    i.GetFskBandwidthRegValue  sx1276.o
    0x08003e60   0x08003e60   0x000000a4   Code   RO          216    i.GetLSIFrequency   iwdg.o
    0x08003f04   0x08003f04   0x00000010   Code   RO         7389    i.GetNextLowerTxDr  regionau915.o
    0x08003f14   0x08003f14   0x000000aa   Code   RO         4030    i.HAL_ADCEx_Calibration_Start  stm32l0xx_hal_adc_ex.o
    0x08003fbe   0x08003fbe   0x00000002   PAD
    0x08003fc0   0x08003fc0   0x00000094   Code   RO         2044    i.HAL_ADC_ConfigChannel  stm32l0xx_hal_adc.o
    0x08004054   0x08004054   0x00000006   Code   RO         2051    i.HAL_ADC_GetValue  stm32l0xx_hal_adc.o
    0x0800405a   0x0800405a   0x00000002   PAD
    0x0800405c   0x0800405c   0x000001c4   Code   RO         2053    i.HAL_ADC_Init      stm32l0xx_hal_adc.o
    0x08004220   0x08004220   0x00000002   Code   RO         2056    i.HAL_ADC_MspInit   stm32l0xx_hal_adc.o
    0x08004222   0x08004222   0x000000be   Code   RO         2057    i.HAL_ADC_PollForConversion  stm32l0xx_hal_adc.o
    0x080042e0   0x080042e0   0x0000005c   Code   RO         2059    i.HAL_ADC_Start     stm32l0xx_hal_adc.o
    0x0800433c   0x0800433c   0x00000010   Code   RO         2444    i.HAL_DBGMCU_DisableDBGSleepMode  stm32l0xx_hal.o
    0x0800434c   0x0800434c   0x00000010   Code   RO         2445    i.HAL_DBGMCU_DisableDBGStandbyMode  stm32l0xx_hal.o
    0x0800435c   0x0800435c   0x00000010   Code   RO         2446    i.HAL_DBGMCU_DisableDBGStopMode  stm32l0xx_hal.o
    0x0800436c   0x0800436c   0x00000098   Code   RO         2773    i.HAL_DMA_Abort_IT  stm32l0xx_hal_dma.o
    0x08004404   0x08004404   0x00000280   Code   RO         2777    i.HAL_DMA_IRQHandler  stm32l0xx_hal_dma.o
    0x08004684   0x08004684   0x00000108   Code   RO         2778    i.HAL_DMA_Init      stm32l0xx_hal_dma.o
    0x0800478c   0x0800478c   0x0000004e   Code   RO         2781    i.HAL_DMA_Start_IT  stm32l0xx_hal_dma.o
    0x080047da   0x080047da   0x0000000a   Code   RO         5386    i.HAL_Delay         stm32l0xx_hal_msp.o
    0x080047e4   0x080047e4   0x00000014   Code   RO         4627    i.HAL_FLASHEx_DATAEEPROM_Lock  stm32l0xx_hal_flash_ex.o
    0x080047f8   0x080047f8   0x00000054   Code   RO         4628    i.HAL_FLASHEx_DATAEEPROM_Program  stm32l0xx_hal_flash_ex.o
    0x0800484c   0x0800484c   0x00000024   Code   RO         4629    i.HAL_FLASHEx_DATAEEPROM_Unlock  stm32l0xx_hal_flash_ex.o
    0x08004870   0x08004870   0x00000078   Code   RO         4630    i.HAL_FLASHEx_Erase  stm32l0xx_hal_flash_ex.o
    0x080048e8   0x080048e8   0x00000014   Code   RO         4734    i.HAL_FLASH_Lock    stm32l0xx_hal_flash.o
    0x080048fc   0x080048fc   0x0000003c   Code   RO         4739    i.HAL_FLASH_Program  stm32l0xx_hal_flash.o
    0x08004938   0x08004938   0x0000003c   Code   RO         4741    i.HAL_FLASH_Unlock  stm32l0xx_hal_flash.o
    0x08004974   0x08004974   0x00000008   Code   RO         5556    i.HAL_GPIO_EXTI_Callback  stm32l0xx_it.o
    0x0800497c   0x0800497c   0x00000018   Code   RO         2711    i.HAL_GPIO_EXTI_IRQHandler  stm32l0xx_hal_gpio.o
    0x08004994   0x08004994   0x00000184   Code   RO         2712    i.HAL_GPIO_Init     stm32l0xx_hal_gpio.o
    0x08004b18   0x08004b18   0x0000000a   Code   RO         2714    i.HAL_GPIO_ReadPin  stm32l0xx_hal_gpio.o
    0x08004b22   0x08004b22   0x00000008   Code   RO         2715    i.HAL_GPIO_TogglePin  stm32l0xx_hal_gpio.o
    0x08004b2a   0x08004b2a   0x0000000c   Code   RO         2716    i.HAL_GPIO_WritePin  stm32l0xx_hal_gpio.o
    0x08004b36   0x08004b36   0x00000002   PAD
    0x08004b38   0x08004b38   0x0000000c   Code   RO         2455    i.HAL_GetTick       stm32l0xx_hal.o
    0x08004b44   0x08004b44   0x00000064   Code   RO         4823    i.HAL_IWDG_Init     stm32l0xx_hal_iwdg.o
    0x08004ba8   0x08004ba8   0x00000010   Code   RO         4824    i.HAL_IWDG_Refresh  stm32l0xx_hal_iwdg.o
    0x08004bb8   0x08004bb8   0x00000010   Code   RO         2456    i.HAL_IncTick       stm32l0xx_hal.o
    0x08004bc8   0x08004bc8   0x00000020   Code   RO         2457    i.HAL_Init          stm32l0xx_hal.o
    0x08004be8   0x08004be8   0x00000004   Code   RO         5387    i.HAL_InitTick      stm32l0xx_hal_msp.o
    0x08004bec   0x08004bec   0x0000002c   Code   RO         5388    i.HAL_MspInit       stm32l0xx_hal_msp.o
    0x08004c18   0x08004c18   0x00000014   Code   RO         2612    i.HAL_NVIC_EnableIRQ  stm32l0xx_hal_cortex.o
    0x08004c2c   0x08004c2c   0x00000008   Code   RO         2616    i.HAL_NVIC_SetPriority  stm32l0xx_hal_cortex.o
    0x08004c34   0x08004c34   0x00000010   Code   RO         2969    i.HAL_PWREx_EnableFastWakeUp  stm32l0xx_hal_pwr_ex.o
    0x08004c44   0x08004c44   0x00000010   Code   RO         2971    i.HAL_PWREx_EnableUltraLowPower  stm32l0xx_hal_pwr_ex.o
    0x08004c54   0x08004c54   0x00000010   Code   RO         2853    i.HAL_PWR_DisablePVD  stm32l0xx_hal_pwr.o
    0x08004c64   0x08004c64   0x00000030   Code   RO         2862    i.HAL_PWR_EnterSLEEPMode  stm32l0xx_hal_pwr.o
    0x08004c94   0x08004c94   0x00000034   Code   RO         2864    i.HAL_PWR_EnterSTOPMode  stm32l0xx_hal_pwr.o
    0x08004cc8   0x08004cc8   0x000001c0   Code   RO         2329    i.HAL_RCCEx_GetPeriphCLKFreq  stm32l0xx_hal_rcc_ex.o
    0x08004e88   0x08004e88   0x0000018c   Code   RO         2332    i.HAL_RCCEx_PeriphCLKConfig  stm32l0xx_hal_rcc_ex.o
    0x08005014   0x08005014   0x00000168   Code   RO         2218    i.HAL_RCC_ClockConfig  stm32l0xx_hal_rcc.o
    0x0800517c   0x0800517c   0x00000020   Code   RO         2224    i.HAL_RCC_GetPCLK1Freq  stm32l0xx_hal_rcc.o
    0x0800519c   0x0800519c   0x00000020   Code   RO         2225    i.HAL_RCC_GetPCLK2Freq  stm32l0xx_hal_rcc.o
    0x080051bc   0x080051bc   0x00000078   Code   RO         2226    i.HAL_RCC_GetSysClockFreq  stm32l0xx_hal_rcc.o
    0x08005234   0x08005234   0x0000045c   Code   RO         2229    i.HAL_RCC_OscConfig  stm32l0xx_hal_rcc.o
    0x08005690   0x08005690   0x0000003c   Code   RO         3164    i.HAL_RTCEx_EnableBypassShadow  stm32l0xx_hal_rtc_ex.o
    0x080056cc   0x080056cc   0x00000008   Code   RO         5389    i.HAL_RTC_AlarmAEventCallback  stm32l0xx_hal_msp.o
    0x080056d4   0x080056d4   0x000000b8   Code   RO         3025    i.HAL_RTC_DeactivateAlarm  stm32l0xx_hal_rtc.o
    0x0800578c   0x0800578c   0x00000044   Code   RO         3027    i.HAL_RTC_GetDate   stm32l0xx_hal_rtc.o
    0x080057d0   0x080057d0   0x0000005c   Code   RO         3029    i.HAL_RTC_GetTime   stm32l0xx_hal_rtc.o
    0x0800582c   0x0800582c   0x000000a4   Code   RO         3030    i.HAL_RTC_Init      stm32l0xx_hal_rtc.o
    0x080058d0   0x080058d0   0x0000005c   Code   RO         5391    i.HAL_RTC_MspInit   stm32l0xx_hal_msp.o
    0x0800592c   0x0800592c   0x000001a0   Code   RO         3035    i.HAL_RTC_SetAlarm_IT  stm32l0xx_hal_rtc.o
    0x08005acc   0x08005acc   0x000000cc   Code   RO         3036    i.HAL_RTC_SetDate   stm32l0xx_hal_rtc.o
    0x08005b98   0x08005b98   0x000000f0   Code   RO         3037    i.HAL_RTC_SetTime   stm32l0xx_hal_rtc.o
    0x08005c88   0x08005c88   0x00000034   Code   RO         3038    i.HAL_RTC_WaitForSynchro  stm32l0xx_hal_rtc.o
    0x08005cbc   0x08005cbc   0x00000084   Code   RO         1467    i.HAL_SPI_Init      stm32l0xx_hal_spi.o
    0x08005d40   0x08005d40   0x00000002   Code   RO         1469    i.HAL_SPI_MspInit   stm32l0xx_hal_spi.o
    0x08005d42   0x08005d42   0x000002b8   Code   RO         1476    i.HAL_SPI_TransmitReceive  stm32l0xx_hal_spi.o
    0x08005ffa   0x08005ffa   0x0000001e   Code   RO         4003    i.HAL_TIMEx_RemapConfig  stm32l0xx_hal_tim_ex.o
    0x08006018   0x08006018   0x00000050   Code   RO          217    i.HAL_TIM_IC_CaptureCallback  iwdg.o
    0x08006068   0x08006068   0x00000120   Code   RO         3411    i.HAL_TIM_IC_ConfigChannel  stm32l0xx_hal_tim.o
    0x08006188   0x08006188   0x0000002c   Code   RO         3412    i.HAL_TIM_IC_DeInit  stm32l0xx_hal_tim.o
    0x080061b4   0x080061b4   0x00000034   Code   RO         3414    i.HAL_TIM_IC_Init   stm32l0xx_hal_tim.o
    0x080061e8   0x080061e8   0x00000002   Code   RO         3415    i.HAL_TIM_IC_MspDeInit  stm32l0xx_hal_tim.o
    0x080061ea   0x080061ea   0x00000002   PAD
    0x080061ec   0x080061ec   0x00000024   Code   RO         5392    i.HAL_TIM_IC_MspInit  stm32l0xx_hal_msp.o
    0x08006210   0x08006210   0x00000048   Code   RO         3419    i.HAL_TIM_IC_Start_IT  stm32l0xx_hal_tim.o
    0x08006258   0x08006258   0x00000054   Code   RO         3422    i.HAL_TIM_IC_Stop_IT  stm32l0xx_hal_tim.o
    0x080062ac   0x080062ac   0x00000126   Code   RO         3423    i.HAL_TIM_IRQHandler  stm32l0xx_hal_tim.o
    0x080063d2   0x080063d2   0x00000002   Code   RO         3426    i.HAL_TIM_OC_DelayElapsedCallback  stm32l0xx_hal_tim.o
    0x080063d4   0x080063d4   0x00000002   Code   RO         3453    i.HAL_TIM_PWM_PulseFinishedCallback  stm32l0xx_hal_tim.o
    0x080063d6   0x080063d6   0x00000002   Code   RO         3460    i.HAL_TIM_PeriodElapsedCallback  stm32l0xx_hal_tim.o
    0x080063d8   0x080063d8   0x00000046   Code   RO         3461    i.HAL_TIM_ReadCapturedValue  stm32l0xx_hal_tim.o
    0x0800641e   0x0800641e   0x00000002   Code   RO         3464    i.HAL_TIM_TriggerCallback  stm32l0xx_hal_tim.o
    0x08006420   0x08006420   0x0000002a   Code   RO         4089    i.HAL_UARTEx_EnableStopMode  stm32l0xx_hal_uart_ex.o
    0x0800644a   0x0800644a   0x00000002   PAD
    0x0800644c   0x0800644c   0x00000098   Code   RO         4090    i.HAL_UARTEx_StopModeWakeUpSourceConfig  stm32l0xx_hal_uart_ex.o
    0x080064e4   0x080064e4   0x00000002   Code   RO         4091    i.HAL_UARTEx_WakeupCallback  stm32l0xx_hal_uart_ex.o
    0x080064e6   0x080064e6   0x00000002   Code   RO         1716    i.HAL_UART_ErrorCallback  stm32l0xx_hal_uart.o
    0x080064e8   0x080064e8   0x00000144   Code   RO         1719    i.HAL_UART_IRQHandler  stm32l0xx_hal_uart.o
    0x0800662c   0x0800662c   0x0000006c   Code   RO         1720    i.HAL_UART_Init     stm32l0xx_hal_uart.o
    0x08006698   0x08006698   0x000000dc   Code   RO         5679    i.HAL_UART_MspInit  vcom.o
    0x08006774   0x08006774   0x000000a0   Code   RO         1725    i.HAL_UART_Receive_IT  stm32l0xx_hal_uart.o
    0x08006814   0x08006814   0x00000034   Code   RO         5680    i.HAL_UART_RxCpltCallback  vcom.o
    0x08006848   0x08006848   0x000000c8   Code   RO         1728    i.HAL_UART_Transmit  stm32l0xx_hal_uart.o
    0x08006910   0x08006910   0x00000098   Code   RO         1729    i.HAL_UART_Transmit_DMA  stm32l0xx_hal_uart.o
    0x080069a8   0x080069a8   0x00000010   Code   RO         5681    i.HAL_UART_TxCpltCallback  vcom.o
    0x080069b8   0x080069b8   0x00000002   Code   RO         1732    i.HAL_UART_TxHalfCpltCallback  stm32l0xx_hal_uart.o
    0x080069ba   0x080069ba   0x00000002   PAD
    0x080069bc   0x080069bc   0x0000005c   Code   RO         5449    i.HW_AdcInit        stm32l0xx_hw.o
    0x08006a18   0x08006a18   0x00000094   Code   RO         5450    i.HW_AdcReadChannel  stm32l0xx_hw.o
    0x08006aac   0x08006aac   0x00000038   Code   RO         4957    i.HW_GPIO_GetBitPos  hw_gpio.o
    0x08006ae4   0x08006ae4   0x00000054   Code   RO         4958    i.HW_GPIO_Init      hw_gpio.o
    0x08006b38   0x08006b38   0x00000018   Code   RO         4959    i.HW_GPIO_IrqHandler  hw_gpio.o
    0x08006b50   0x08006b50   0x0000003c   Code   RO         4961    i.HW_GPIO_SetIrq    hw_gpio.o
    0x08006b8c   0x08006b8c   0x0000000a   Code   RO         4962    i.HW_GPIO_Write     hw_gpio.o
    0x08006b96   0x08006b96   0x00000002   PAD
    0x08006b98   0x08006b98   0x00000060   Code   RO         5452    i.HW_GetBatteryLevel  stm32l0xx_hw.o
    0x08006bf8   0x08006bf8   0x00000014   Code   RO         5453    i.HW_GetRandomSeed  stm32l0xx_hw.o
    0x08006c0c   0x08006c0c   0x00000058   Code   RO         5454    i.HW_GetTemperatureLevel  stm32l0xx_hw.o
    0x08006c64   0x08006c64   0x00000044   Code   RO         5455    i.HW_GetUniqueId    stm32l0xx_hw.o
    0x08006ca8   0x08006ca8   0x00000044   Code   RO         5457    i.HW_Init           stm32l0xx_hw.o
    0x08006cec   0x08006cec   0x00000026   Code   RO         5008    i.HW_RTC_DelayMs    hw_rtc.o
    0x08006d12   0x08006d12   0x00000002   PAD
    0x08006d14   0x08006d14   0x000000a4   Code   RO         5009    i.HW_RTC_GetCalendarValue  hw_rtc.o
    0x08006db8   0x08006db8   0x00000004   Code   RO         5010    i.HW_RTC_GetMinimumTimeout  hw_rtc.o
    0x08006dbc   0x08006dbc   0x0000000c   Code   RO         5011    i.HW_RTC_GetTimerContext  hw_rtc.o
    0x08006dc8   0x08006dc8   0x0000001c   Code   RO         5012    i.HW_RTC_GetTimerElapsedTime  hw_rtc.o
    0x08006de4   0x08006de4   0x00000010   Code   RO         5013    i.HW_RTC_GetTimerValue  hw_rtc.o
    0x08006df4   0x08006df4   0x0000002c   Code   RO         5014    i.HW_RTC_Init       hw_rtc.o
    0x08006e20   0x08006e20   0x0000003c   Code   RO         5015    i.HW_RTC_IrqHandler  hw_rtc.o
    0x08006e5c   0x08006e5c   0x0000003c   Code   RO         5016    i.HW_RTC_SetAlarm   hw_rtc.o
    0x08006e98   0x08006e98   0x00000060   Code   RO         5017    i.HW_RTC_SetConfig  hw_rtc.o
    0x08006ef8   0x08006ef8   0x00000018   Code   RO         5018    i.HW_RTC_SetTimerContext  hw_rtc.o
    0x08006f10   0x08006f10   0x00000118   Code   RO         5019    i.HW_RTC_StartWakeUpAlarm  hw_rtc.o
    0x08007028   0x08007028   0x00000020   Code   RO         5020    i.HW_RTC_StopAlarm  hw_rtc.o
    0x08007048   0x08007048   0x00000010   Code   RO         5021    i.HW_RTC_Tick2ms    hw_rtc.o
    0x08007058   0x08007058   0x00000010   Code   RO         5023    i.HW_RTC_ms2Tick    hw_rtc.o
    0x08007068   0x08007068   0x00000020   Code   RO         5128    i.HW_SPI_InOut      hw_spi.o
    0x08007088   0x08007088   0x00000084   Code   RO         5129    i.HW_SPI_Init       hw_spi.o
    0x0800710c   0x0800710c   0x00000074   Code   RO         5130    i.HW_SPI_IoDeInit   hw_spi.o
    0x08007180   0x08007180   0x0000005c   Code   RO         5131    i.HW_SPI_IoInit     hw_spi.o
    0x080071dc   0x080071dc   0x00000004   Code   RO         5557    i.HardFault_Handler  stm32l0xx_it.o
    0x080071e0   0x080071e0   0x00000040   Code   RO          667    i.IIC_Ack           iic.o
    0x08007220   0x08007220   0x0000000e   Code   RO          668    i.IIC_Delay         iic.o
    0x0800722e   0x0800722e   0x00000002   PAD
    0x08007230   0x08007230   0x00000038   Code   RO          669    i.IIC_GPIO_MODE_Config  iic.o
    0x08007268   0x08007268   0x00000040   Code   RO          670    i.IIC_NAck          iic.o
    0x080072a8   0x080072a8   0x00000060   Code   RO          671    i.IIC_ReadByte      iic.o
    0x08007308   0x08007308   0x00000068   Code   RO          672    i.IIC_SendByte      iic.o
    0x08007370   0x08007370   0x00000044   Code   RO          673    i.IIC_Start         iic.o
    0x080073b4   0x080073b4   0x00000042   Code   RO          674    i.IIC_Stop          iic.o
    0x080073f6   0x080073f6   0x0000005c   Code   RO          675    i.IIC_WaitAck       iic.o
    0x08007452   0x08007452   0x00000002   PAD
    0x08007454   0x08007454   0x00000018   Code   RO          218    i.IWDG_Refresh      iwdg.o
    0x0800746c   0x0800746c   0x0000000c   Code   RO         6566    i.LOG_GPS           lora.o
    0x08007478   0x08007478   0x00000044   Code   RO         5177    i.LORA_ConfirmClass  main.o
    0x080074bc   0x080074bc   0x0000000c   Code   RO         6567    i.LORA_GPS          lora.o
    0x080074c8   0x080074c8   0x0000000c   Code   RO         6568    i.LORA_GPS_MPU      lora.o
    0x080074d4   0x080074d4   0x000000e0   Code   RO         5178    i.LORA_HasJoined    main.o
    0x080075b4   0x080075b4   0x00000190   Code   RO         6570    i.LORA_Init         lora.o
    0x08007744   0x08007744   0x00000098   Code   RO         6571    i.LORA_Join         lora.o
    0x080077dc   0x080077dc   0x00000018   Code   RO         6572    i.LORA_JoinStatus   lora.o
    0x080077f4   0x080077f4   0x0000006c   Code   RO         6573    i.LORA_RequestClass  lora.o
    0x08007860   0x08007860   0x00000538   Code   RO         5179    i.LORA_RxData       main.o
    0x08007d98   0x08007d98   0x0000007c   Code   RO         6575    i.LORA_send         lora.o
    0x08007e14   0x08007e14   0x0000007c   Code   RO          562    i.LPF2pApply_1      filter.o
    0x08007e90   0x08007e90   0x0000007c   Code   RO          563    i.LPF2pApply_2      filter.o
    0x08007f0c   0x08007f0c   0x0000007c   Code   RO          564    i.LPF2pApply_3      filter.o
    0x08007f88   0x08007f88   0x0000007c   Code   RO          565    i.LPF2pApply_4      filter.o
    0x08008004   0x08008004   0x0000007c   Code   RO          566    i.LPF2pApply_5      filter.o
    0x08008080   0x08008080   0x0000007c   Code   RO          567    i.LPF2pApply_6      filter.o
    0x080080fc   0x080080fc   0x000000c4   Code   RO          568    i.LPF2pSetCutoffFreq_1  filter.o
    0x080081c0   0x080081c0   0x000000c4   Code   RO          569    i.LPF2pSetCutoffFreq_2  filter.o
    0x08008284   0x08008284   0x000000c4   Code   RO          570    i.LPF2pSetCutoffFreq_3  filter.o
    0x08008348   0x08008348   0x000000c4   Code   RO          571    i.LPF2pSetCutoffFreq_4  filter.o
    0x0800840c   0x0800840c   0x000000c4   Code   RO          572    i.LPF2pSetCutoffFreq_5  filter.o
    0x080084d0   0x080084d0   0x000000c4   Code   RO          573    i.LPF2pSetCutoffFreq_6  filter.o
    0x08008594   0x08008594   0x00000034   Code   RO         9572    i.LPM_EnterLowPower  low_power_manager.o
    0x080085c8   0x080085c8   0x00000002   Code   RO         9573    i.LPM_EnterOffMode  low_power_manager.o
    0x080085ca   0x080085ca   0x0000000c   Code   RO         5458    i.LPM_EnterSleepMode  stm32l0xx_hw.o
    0x080085d6   0x080085d6   0x00000002   PAD
    0x080085d8   0x080085d8   0x00000048   Code   RO         5459    i.LPM_EnterStopMode  stm32l0xx_hw.o
    0x08008620   0x08008620   0x00000002   Code   RO         9576    i.LPM_ExitOffMode   low_power_manager.o
    0x08008622   0x08008622   0x00000002   Code   RO         9577    i.LPM_ExitSleepMode  low_power_manager.o
    0x08008624   0x08008624   0x00000054   Code   RO         5460    i.LPM_ExitStopMode  stm32l0xx_hw.o
    0x08008678   0x08008678   0x00000028   Code   RO         9579    i.LPM_GetMode       low_power_manager.o
    0x080086a0   0x080086a0   0x00000028   Code   RO         9580    i.LPM_SetOffMode    low_power_manager.o
    0x080086c8   0x080086c8   0x00000028   Code   RO         9581    i.LPM_SetStopMode   low_power_manager.o
    0x080086f0   0x080086f0   0x00000084   Code   RO         9432    i.LoRaMacComputeMic  loramaccrypto.o
    0x08008774   0x08008774   0x0000023c   Code   RO         9191    i.LoRaMacInitialization  loramac.o
    0x080089b0   0x080089b0   0x00000050   Code   RO         9433    i.LoRaMacJoinComputeMic  loramaccrypto.o
    0x08008a00   0x08008a00   0x00000088   Code   RO         9434    i.LoRaMacJoinComputeSKeys  loramaccrypto.o
    0x08008a88   0x08008a88   0x00000040   Code   RO         9435    i.LoRaMacJoinDecrypt  loramaccrypto.o
    0x08008ac8   0x08008ac8   0x0000012c   Code   RO         9192    i.LoRaMacMcpsRequest  loramac.o
    0x08008bf4   0x08008bf4   0x000000f8   Code   RO         9193    i.LoRaMacMibGetRequestConfirm  loramac.o
    0x08008cec   0x08008cec   0x00000288   Code   RO         9194    i.LoRaMacMibSetRequestConfirm  loramac.o
    0x08008f74   0x08008f74   0x000001a4   Code   RO         9195    i.LoRaMacMlmeRequest  loramac.o
    0x08009118   0x08009118   0x00000010   Code   RO         9436    i.LoRaMacPayloadDecrypt  loramaccrypto.o
    0x08009128   0x08009128   0x000000c0   Code   RO         9437    i.LoRaMacPayloadEncrypt  loramaccrypto.o
    0x080091e8   0x080091e8   0x000000b8   Code   RO         9198    i.LoRaMacQueryTxPossible  loramac.o
    0x080092a0   0x080092a0   0x00000020   Code   RO         9201    i.LoRaMacTestSetDutyCycleOn  loramac.o
    0x080092c0   0x080092c0   0x00000070   Code   RO         6576    i.MPU9250_INT       lora.o
    0x08009330   0x08009330   0x000000b4   Code   RO          931    i.MPU_Get_Accel     mpu9250.o
    0x080093e4   0x080093e4   0x00000038   Code   RO          932    i.MPU_Get_Accelerometer  mpu9250.o
    0x0800941c   0x0800941c   0x00000078   Code   RO          933    i.MPU_Get_Gyro      mpu9250.o
    0x08009494   0x08009494   0x00000032   Code   RO          934    i.MPU_Get_Gyroscope  mpu9250.o
    0x080094c6   0x080094c6   0x00000002   PAD
    0x080094c8   0x080094c8   0x000000b8   Code   RO          938    i.MPU_INT_Init      mpu9250.o
    0x08009580   0x08009580   0x000000f0   Code   RO          939    i.MPU_Init          mpu9250.o
    0x08009670   0x08009670   0x00000040   Code   RO          940    i.MPU_Read_Byte     mpu9250.o
    0x080096b0   0x080096b0   0x00000064   Code   RO          941    i.MPU_Read_Len      mpu9250.o
    0x08009714   0x08009714   0x00000010   Code   RO          942    i.MPU_Set_Accel_Fsr  mpu9250.o
    0x08009724   0x08009724   0x00000012   Code   RO          943    i.MPU_Set_Gyro_Fsr  mpu9250.o
    0x08009736   0x08009736   0x00000036   Code   RO          944    i.MPU_Set_LPF       mpu9250.o
    0x0800976c   0x0800976c   0x00000030   Code   RO          945    i.MPU_Set_Rate      mpu9250.o
    0x0800979c   0x0800979c   0x00000044   Code   RO          946    i.MPU_Write_Byte    mpu9250.o
    0x080097e0   0x080097e0   0x00000030   Code   RO         5393    i.MSP_GetIRQn       stm32l0xx_hal_msp.o
    0x08009810   0x08009810   0x00000002   Code   RO         6577    i.McpsConfirm       lora.o
    0x08009812   0x08009812   0x00000002   PAD
    0x08009814   0x08009814   0x0000009c   Code   RO         6578    i.McpsIndication    lora.o
    0x080098b0   0x080098b0   0x00000044   Code   RO         6579    i.MlmeConfirm       lora.o
    0x080098f4   0x080098f4   0x00000002   Code   RO         5559    i.NMI_Handler       stm32l0xx_it.o
    0x080098f6   0x080098f6   0x00000002   PAD
    0x080098f8   0x080098f8   0x00000044   Code   RO         2622    i.NVIC_SetPriority  stm32l0xx_hal_cortex.o
    0x0800993c   0x0800993c   0x0000001c   Code   RO         5180    i.NVIC_SystemReset  main.o
    0x08009958   0x08009958   0x0000001c   Code   RO         5768    i.NVIC_SystemReset  at.o
    0x08009974   0x08009974   0x0000001c   Code   RO         6580    i.NVIC_SystemReset  lora.o
    0x08009990   0x08009990   0x00000038   Code   RO         9203    i.OnAckTimeoutTimerEvent  loramac.o
    0x080099c8   0x080099c8   0x00000030   Code   RO         9491    i.OnCertifTxNextPacketTimerEvent  lora-test.o
    0x080099f8   0x080099f8   0x00000024   Code   RO         5181    i.OnIWDGRefreshTimeoutEvent  main.o
    0x08009a1c   0x08009a1c   0x00000264   Code   RO         9204    i.OnMacStateCheckTimerEvent  loramac.o
    0x08009c80   0x08009c80   0x0000001c   Code   RO         5183    i.OnPressButtonTimeoutEvent  main.o
    0x08009c9c   0x08009c9c   0x0000001c   Code   RO         5184    i.OnPressButtonTimesLedEvent  main.o
    0x08009cb8   0x08009cb8   0x00000524   Code   RO         9205    i.OnRadioRxDone     loramac.o
    0x0800a1dc   0x0800a1dc   0x00000060   Code   RO         9206    i.OnRadioRxError    loramac.o
    0x0800a23c   0x0800a23c   0x00000068   Code   RO         9207    i.OnRadioRxTimeout  loramac.o
    0x0800a2a4   0x0800a2a4   0x000000f4   Code   RO         9208    i.OnRadioTxDone     loramac.o
    0x0800a398   0x0800a398   0x0000003c   Code   RO         9209    i.OnRadioTxTimeout  loramac.o
    0x0800a3d4   0x0800a3d4   0x0000007c   Code   RO         9210    i.OnRxWindow1TimerEvent  loramac.o
    0x0800a450   0x0800a450   0x00000078   Code   RO         9211    i.OnRxWindow2TimerEvent  loramac.o
    0x0800a4c8   0x0800a4c8   0x00000074   Code   RO         9212    i.OnTxDelayedTimerEvent  loramac.o
    0x0800a53c   0x0800a53c   0x0000003c   Code   RO         5185    i.OnTxTimerEvent    main.o
    0x0800a578   0x0800a578   0x00000064   Code   RO         5186    i.OnTxTimerEvent2   main.o
    0x0800a5dc   0x0800a5dc   0x00000090   Code   RO          762    i.PMTK353           gps.o
    0x0800a66c   0x0800a66c   0x00000088   Code   RO          763    i.PMTK886           gps.o
    0x0800a6f4   0x0800a6f4   0x00000060   Code   RO          765    i.POWER_ON          gps.o
    0x0800a754   0x0800a754   0x00000054   Code   RO         9213    i.ParseMacCommandsToRepeat  loramac.o
    0x0800a7a8   0x0800a7a8   0x00000002   Code   RO         5560    i.PendSV_Handler    stm32l0xx_it.o
    0x0800a7aa   0x0800a7aa   0x00000002   PAD
    0x0800a7ac   0x0800a7ac   0x00000280   Code   RO         9214    i.PrepareFrame      loramac.o
    0x0800aa2c   0x0800aa2c   0x0000003c   Code   RO         9215    i.PrepareRxDoneAbort  loramac.o
    0x0800aa68   0x0800aa68   0x0000050c   Code   RO         9216    i.ProcessMacCommands  loramac.o
    0x0800af74   0x0800af74   0x00000070   Code   RO         2230    i.RCC_SetFlashLatencyFromMSIRange  stm32l0xx_hal_rcc.o
    0x0800afe4   0x0800afe4   0x00000008   Code   RO         5561    i.RNG_LPUART1_IRQHandler  stm32l0xx_it.o
    0x0800afec   0x0800afec   0x00000010   Code   RO         3039    i.RTC_Bcd2ToByte    stm32l0xx_hal_rtc.o
    0x0800affc   0x0800affc   0x00000016   Code   RO         3040    i.RTC_ByteToBcd2    stm32l0xx_hal_rtc.o
    0x0800b012   0x0800b012   0x00000038   Code   RO         3041    i.RTC_EnterInitMode  stm32l0xx_hal_rtc.o
    0x0800b04a   0x0800b04a   0x00000008   Code   RO         5562    i.RTC_IRQHandler    stm32l0xx_it.o
    0x0800b052   0x0800b052   0x00000002   PAD
    0x0800b054   0x0800b054   0x00000328   Code   RO         6581    i.Read_Config       lora.o
    0x0800b37c   0x0800b37c   0x0000005e   Code   RO         7390    i.RegionAU915AdrNext  regionau915.o
    0x0800b3da   0x0800b3da   0x00000016   Code   RO         7391    i.RegionAU915AlternateDr  regionau915.o
    0x0800b3f0   0x0800b3f0   0x000000e0   Code   RO         7392    i.RegionAU915ApplyCFList  regionau915.o
    0x0800b4d0   0x0800b4d0   0x00000018   Code   RO         7393    i.RegionAU915ApplyDrOffset  regionau915.o
    0x0800b4e8   0x0800b4e8   0x00000038   Code   RO         7394    i.RegionAU915CalcBackOff  regionau915.o
    0x0800b520   0x0800b520   0x0000005c   Code   RO         7395    i.RegionAU915ChanMaskSet  regionau915.o
    0x0800b57c   0x0800b57c   0x00000058   Code   RO         7398    i.RegionAU915ComputeRxWindowParameters  regionau915.o
    0x0800b5d4   0x0800b5d4   0x00000004   Code   RO         7399    i.RegionAU915DlChannelReq  regionau915.o
    0x0800b5d8   0x0800b5d8   0x00000120   Code   RO         7400    i.RegionAU915GetPhyParam  regionau915.o
    0x0800b6f8   0x0800b6f8   0x00000170   Code   RO         7401    i.RegionAU915InitDefaults  regionau915.o
    0x0800b868   0x0800b868   0x00000234   Code   RO         7402    i.RegionAU915LinkAdrReq  regionau915.o
    0x0800ba9c   0x0800ba9c   0x00000004   Code   RO         7403    i.RegionAU915NewChannelReq  regionau915.o
    0x0800baa0   0x0800baa0   0x00000118   Code   RO         7404    i.RegionAU915NextChannel  regionau915.o
    0x0800bbb8   0x0800bbb8   0x0000013c   Code   RO         7405    i.RegionAU915RxConfig  regionau915.o
    0x0800bcf4   0x0800bcf4   0x00000094   Code   RO         7406    i.RegionAU915RxParamSetupReq  regionau915.o
    0x0800bd88   0x0800bd88   0x00000028   Code   RO         7407    i.RegionAU915SetBandTxDone  regionau915.o
    0x0800bdb0   0x0800bdb0   0x00000048   Code   RO         7408    i.RegionAU915SetContinuousWave  regionau915.o
    0x0800bdf8   0x0800bdf8   0x000001b0   Code   RO         7409    i.RegionAU915TxConfig  regionau915.o
    0x0800bfa8   0x0800bfa8   0x00000006   Code   RO         7410    i.RegionAU915TxParamSetupReq  regionau915.o
    0x0800bfae   0x0800bfae   0x0000006a   Code   RO         7411    i.RegionAU915Verify  regionau915.o
    0x0800c018   0x0800c018   0x0000001e   Code   RO         7039    i.RegionAdrNext     region.o
    0x0800c036   0x0800c036   0x00000012   Code   RO         7040    i.RegionAlternateDr  region.o
    0x0800c048   0x0800c048   0x0000000e   Code   RO         7041    i.RegionApplyCFList  region.o
    0x0800c056   0x0800c056   0x0000001a   Code   RO         7042    i.RegionApplyDrOffset  region.o
    0x0800c070   0x0800c070   0x0000000e   Code   RO         7043    i.RegionCalcBackOff  region.o
    0x0800c07e   0x0800c07e   0x00000012   Code   RO         7044    i.RegionChanMaskSet  region.o
    0x0800c090   0x0800c090   0x0000005c   Code   RO         7891    i.RegionCommonCalcBackOff  regioncommon.o
    0x0800c0ec   0x0800c0ec   0x00000026   Code   RO         7892    i.RegionCommonChanDisable  regioncommon.o
    0x0800c112   0x0800c112   0x0000001e   Code   RO         7893    i.RegionCommonChanMaskCopy  regioncommon.o
    0x0800c130   0x0800c130   0x00000060   Code   RO         7894    i.RegionCommonChanVerifyDr  regioncommon.o
    0x0800c190   0x0800c190   0x00000090   Code   RO         7895    i.RegionCommonComputeRxWindowParameters  regioncommon.o
    0x0800c220   0x0800c220   0x0000002c   Code   RO         7897    i.RegionCommonComputeSymbolTimeLoRa  regioncommon.o
    0x0800c24c   0x0800c24c   0x0000006c   Code   RO         7898    i.RegionCommonComputeTxPower  regioncommon.o
    0x0800c2b8   0x0800c2b8   0x00000044   Code   RO         7899    i.RegionCommonCountChannels  regioncommon.o
    0x0800c2fc   0x0800c2fc   0x00000014   Code   RO         7900    i.RegionCommonGetJoinDc  regioncommon.o
    0x0800c310   0x0800c310   0x00000098   Code   RO         7901    i.RegionCommonLinkAdrReqVerifyParams  regioncommon.o
    0x0800c3a8   0x0800c3a8   0x00000036   Code   RO         7902    i.RegionCommonParseLinkAdrReq  regioncommon.o
    0x0800c3de   0x0800c3de   0x0000000a   Code   RO         7903    i.RegionCommonSetBandTxDone  regioncommon.o
    0x0800c3e8   0x0800c3e8   0x000000be   Code   RO         7904    i.RegionCommonUpdateBandTimeOff  regioncommon.o
    0x0800c4a6   0x0800c4a6   0x00000010   Code   RO         7905    i.RegionCommonValueInRange  regioncommon.o
    0x0800c4b6   0x0800c4b6   0x0000001a   Code   RO         7047    i.RegionComputeRxWindowParameters  region.o
    0x0800c4d0   0x0800c4d0   0x00000012   Code   RO         7048    i.RegionDlChannelReq  region.o
    0x0800c4e2   0x0800c4e2   0x00000014   Code   RO         7049    i.RegionGetPhyParam  region.o
    0x0800c4f6   0x0800c4f6   0x0000000e   Code   RO         7050    i.RegionInitDefaults  region.o
    0x0800c504   0x0800c504   0x00000008   Code   RO         7051    i.RegionIsActive    region.o
    0x0800c50c   0x0800c50c   0x00000022   Code   RO         7052    i.RegionLinkAdrReq  region.o
    0x0800c52e   0x0800c52e   0x00000012   Code   RO         7053    i.RegionNewChannelReq  region.o
    0x0800c540   0x0800c540   0x0000001e   Code   RO         7054    i.RegionNextChannel  region.o
    0x0800c55e   0x0800c55e   0x00000016   Code   RO         7055    i.RegionRxConfig    region.o
    0x0800c574   0x0800c574   0x00000012   Code   RO         7056    i.RegionRxParamSetupReq  region.o
    0x0800c586   0x0800c586   0x0000000e   Code   RO         7057    i.RegionSetBandTxDone  region.o
    0x0800c594   0x0800c594   0x0000000e   Code   RO         7058    i.RegionSetContinuousWave  region.o
    0x0800c5a2   0x0800c5a2   0x0000001a   Code   RO         7059    i.RegionTxConfig    region.o
    0x0800c5bc   0x0800c5bc   0x00000012   Code   RO         7060    i.RegionTxParamSetupReq  region.o
    0x0800c5ce   0x0800c5ce   0x00000016   Code   RO         7061    i.RegionVerify      region.o
    0x0800c5e4   0x0800c5e4   0x0000008c   Code   RO         9217    i.ResetMacParameters  loramac.o
    0x0800c670   0x0800c670   0x00000094   Code   RO          270    i.RxChainCalibration  sx1276.o
    0x0800c704   0x0800c704   0x00000018   Code   RO         9218    i.RxWindowSetup     loramac.o
    0x0800c71c   0x0800c71c   0x00000038   Code   RO          676    i.SDA_IN            iic.o
    0x0800c754   0x0800c754   0x00000038   Code   RO          677    i.SDA_OUT           iic.o
    0x0800c78c   0x0800c78c   0x000000b2   Code   RO         1497    i.SPI_WaitOnFlagUntilTimeout  stm32l0xx_hal_spi.o
    0x0800c83e   0x0800c83e   0x00000002   Code   RO         5563    i.SVC_Handler       stm32l0xx_it.o
    0x0800c840   0x0800c840   0x0000000c   Code   RO          271    i.SX1276BoardInit   sx1276.o
    0x0800c84c   0x0800c84c   0x00000004   Code   RO         1337    i.SX1276CheckRfFrequency  sx1276mb1las.o
    0x0800c850   0x0800c850   0x0000000c   Code   RO         1338    i.SX1276GetPaSelect  sx1276mb1las.o
    0x0800c85c   0x0800c85c   0x00000014   Code   RO          272    i.SX1276GetRadioWakeUpTime  sx1276.o
    0x0800c870   0x0800c870   0x0000000c   Code   RO          273    i.SX1276GetStatus   sx1276.o
    0x0800c87c   0x0800c87c   0x000001e4   Code   RO          274    i.SX1276GetTimeOnAir  sx1276.o
    0x0800ca60   0x0800ca60   0x00000004   Code   RO         1339    i.SX1276GetWakeTime  sx1276mb1las.o
    0x0800ca64   0x0800ca64   0x0000008c   Code   RO          275    i.SX1276Init        sx1276.o
    0x0800caf0   0x0800caf0   0x00000054   Code   RO         1340    i.SX1276IoDeInit    sx1276mb1las.o
    0x0800cb44   0x0800cb44   0x00000064   Code   RO         1341    i.SX1276IoInit      sx1276mb1las.o
    0x0800cba8   0x0800cba8   0x00000048   Code   RO         1342    i.SX1276IoIrqInit   sx1276mb1las.o
    0x0800cbf0   0x0800cbf0   0x0000004e   Code   RO          276    i.SX1276IsChannelFree  sx1276.o
    0x0800cc3e   0x0800cc3e   0x00000002   PAD
    0x0800cc40   0x0800cc40   0x00000304   Code   RO          277    i.SX1276OnDio0Irq   sx1276.o
    0x0800cf44   0x0800cf44   0x00000110   Code   RO          278    i.SX1276OnDio1Irq   sx1276.o
    0x0800d054   0x0800d054   0x000000b4   Code   RO          279    i.SX1276OnDio2Irq   sx1276.o
    0x0800d108   0x0800d108   0x00000054   Code   RO          280    i.SX1276OnDio3Irq   sx1276.o
    0x0800d15c   0x0800d15c   0x0000001c   Code   RO          281    i.SX1276OnDio4Irq   sx1276.o
    0x0800d178   0x0800d178   0x000000c8   Code   RO          283    i.SX1276OnTimeoutIrq  sx1276.o
    0x0800d240   0x0800d240   0x0000003e   Code   RO          284    i.SX1276Random      sx1276.o
    0x0800d27e   0x0800d27e   0x00000010   Code   RO          285    i.SX1276Read        sx1276.o
    0x0800d28e   0x0800d28e   0x00000042   Code   RO          286    i.SX1276ReadBuffer  sx1276.o
    0x0800d2d0   0x0800d2d0   0x0000000e   Code   RO          287    i.SX1276ReadFifo    sx1276.o
    0x0800d2de   0x0800d2de   0x00000002   PAD
    0x0800d2e0   0x0800d2e0   0x00000044   Code   RO          288    i.SX1276ReadRssi    sx1276.o
    0x0800d324   0x0800d324   0x00000050   Code   RO          289    i.SX1276Reset       sx1276.o
    0x0800d374   0x0800d374   0x000000f0   Code   RO          290    i.SX1276Send        sx1276.o
    0x0800d464   0x0800d464   0x0000001c   Code   RO         1343    i.SX1276SetAntSw    sx1276mb1las.o
    0x0800d480   0x0800d480   0x00000044   Code   RO         1344    i.SX1276SetAntSwLowPower  sx1276mb1las.o
    0x0800d4c4   0x0800d4c4   0x00000050   Code   RO          291    i.SX1276SetChannel  sx1276.o
    0x0800d514   0x0800d514   0x00000030   Code   RO          292    i.SX1276SetMaxPayloadLength  sx1276.o
    0x0800d544   0x0800d544   0x00000070   Code   RO          293    i.SX1276SetModem    sx1276.o
    0x0800d5b4   0x0800d5b4   0x0000005c   Code   RO          294    i.SX1276SetOpMode   sx1276.o
    0x0800d610   0x0800d610   0x00000024   Code   RO          295    i.SX1276SetPublicNetwork  sx1276.o
    0x0800d634   0x0800d634   0x000000a0   Code   RO         1345    i.SX1276SetRfTxPower  sx1276mb1las.o
    0x0800d6d4   0x0800d6d4   0x00000200   Code   RO          296    i.SX1276SetRx       sx1276.o
    0x0800d8d4   0x0800d8d4   0x00000288   Code   RO          297    i.SX1276SetRxConfig  sx1276.o
    0x0800db5c   0x0800db5c   0x00000034   Code   RO          298    i.SX1276SetSleep    sx1276.o
    0x0800db90   0x0800db90   0x00000024   Code   RO          299    i.SX1276SetStby     sx1276.o
    0x0800dbb4   0x0800dbb4   0x000000b0   Code   RO          300    i.SX1276SetTx       sx1276.o
    0x0800dc64   0x0800dc64   0x000001fc   Code   RO          301    i.SX1276SetTxConfig  sx1276.o
    0x0800de60   0x0800de60   0x0000007c   Code   RO          302    i.SX1276SetTxContinuousWave  sx1276.o
    0x0800dedc   0x0800dedc   0x00000002   Code   RO         1346    i.SX1276SetXO       sx1276mb1las.o
    0x0800dede   0x0800dede   0x00000002   PAD
    0x0800dee0   0x0800dee0   0x00000038   Code   RO          303    i.SX1276StartCad    sx1276.o
    0x0800df18   0x0800df18   0x0000000c   Code   RO          304    i.SX1276Write       sx1276.o
    0x0800df24   0x0800df24   0x00000042   Code   RO          305    i.SX1276WriteBuffer  sx1276.o
    0x0800df66   0x0800df66   0x0000000e   Code   RO          306    i.SX1276WriteFifo   sx1276.o
    0x0800df74   0x0800df74   0x0000014c   Code   RO         9219    i.ScheduleTx        loramac.o
    0x0800e0c0   0x0800e0c0   0x000006d8   Code   RO         5188    i.Send              main.o
    0x0800e798   0x0800e798   0x00000040   Code   RO         9220    i.Send              loramac.o
    0x0800e7d8   0x0800e7d8   0x000001bc   Code   RO         9221    i.SendFrameOnChannel  loramac.o
    0x0800e994   0x0800e994   0x00000054   Code   RO         9222    i.SetTxContinuousWave  loramac.o
    0x0800e9e8   0x0800e9e8   0x0000003c   Code   RO         9223    i.SetTxContinuousWave1  loramac.o
    0x0800ea24   0x0800ea24   0x00000340   Code   RO         6582    i.Store_Config      lora.o
    0x0800ed64   0x0800ed64   0x00000070   Code   RO         6583    i.Store_key         lora.o
    0x0800edd4   0x0800edd4   0x00000008   Code   RO         5564    i.SysTick_Handler   stm32l0xx_it.o
    0x0800eddc   0x0800eddc   0x0000008c   Code   RO         5461    i.SystemClock_Config  stm32l0xx_hw.o
    0x0800ee68   0x0800ee68   0x00000054   Code   RO         1426    i.SystemInit        system_stm32l0xx.o
    0x0800eebc   0x0800eebc   0x00000008   Code   RO         5565    i.TIM21_IRQHandler  stm32l0xx_it.o
    0x0800eec4   0x0800eec4   0x00000010   Code   RO          219    i.TIMER_IRQHandler  iwdg.o
    0x0800eed4   0x0800eed4   0x00000060   Code   RO         3465    i.TIM_Base_SetConfig  stm32l0xx_hal_tim.o
    0x0800ef34   0x0800ef34   0x00000016   Code   RO         3466    i.TIM_CCxChannelCmd  stm32l0xx_hal_tim.o
    0x0800ef4a   0x0800ef4a   0x00000002   PAD
    0x0800ef4c   0x0800ef4c   0x0000005c   Code   RO         3480    i.TIM_TI1_SetConfig  stm32l0xx_hal_tim.o
    0x0800efa8   0x0800efa8   0x00000034   Code   RO         3482    i.TIM_TI2_SetConfig  stm32l0xx_hal_tim.o
    0x0800efdc   0x0800efdc   0x0000000c   Code   RO         9648    i.TimerGetCurrentTime  timeserver.o
    0x0800efe8   0x0800efe8   0x00000018   Code   RO         9649    i.TimerGetElapsedTime  timeserver.o
    0x0800f000   0x0800f000   0x0000000e   Code   RO         9650    i.TimerInit         timeserver.o
    0x0800f00e   0x0800f00e   0x00000002   PAD
    0x0800f010   0x0800f010   0x0000001c   Code   RO         9651    i.TimerInsertNewHeadTimer  timeserver.o
    0x0800f02c   0x0800f02c   0x00000078   Code   RO         9652    i.TimerIrqHandler   timeserver.o
    0x0800f0a4   0x0800f0a4   0x0000002c   Code   RO         9654    i.TimerSetTimeout   timeserver.o
    0x0800f0d0   0x0800f0d0   0x00000022   Code   RO         9655    i.TimerSetValue     timeserver.o
    0x0800f0f2   0x0800f0f2   0x00000002   PAD
    0x0800f0f4   0x0800f0f4   0x00000070   Code   RO         9656    i.TimerStart        timeserver.o
    0x0800f164   0x0800f164   0x00000060   Code   RO         9657    i.TimerStop         timeserver.o
    0x0800f1c4   0x0800f1c4   0x00000024   Code   RO         9791    i.TraceInit         trace.o
    0x0800f1e8   0x0800f1e8   0x00000088   Code   RO         9792    i.TraceSend         trace.o
    0x0800f270   0x0800f270   0x00000048   Code   RO         9793    i.Trace_TxCpltCallback  trace.o
    0x0800f2b8   0x0800f2b8   0x000000ca   Code   RO         1733    i.UART_AdvFeatureConfig  stm32l0xx_hal_uart.o
    0x0800f382   0x0800f382   0x00000002   PAD
    0x0800f384   0x0800f384   0x00000060   Code   RO         1734    i.UART_CheckIdleState  stm32l0xx_hal_uart.o
    0x0800f3e4   0x0800f3e4   0x00000014   Code   RO         1735    i.UART_DMAAbortOnError  stm32l0xx_hal_uart.o
    0x0800f3f8   0x0800f3f8   0x0000004a   Code   RO         1736    i.UART_DMAError     stm32l0xx_hal_uart.o
    0x0800f442   0x0800f442   0x00000030   Code   RO         1741    i.UART_DMATransmitCplt  stm32l0xx_hal_uart.o
    0x0800f472   0x0800f472   0x0000000a   Code   RO         1743    i.UART_DMATxHalfCplt  stm32l0xx_hal_uart.o
    0x0800f47c   0x0800f47c   0x0000001e   Code   RO         1745    i.UART_EndRxTransfer  stm32l0xx_hal_uart.o
    0x0800f49a   0x0800f49a   0x00000012   Code   RO         1746    i.UART_EndTxTransfer  stm32l0xx_hal_uart.o
    0x0800f4ac   0x0800f4ac   0x0000007e   Code   RO         1747    i.UART_Receive_IT   stm32l0xx_hal_uart.o
    0x0800f52a   0x0800f52a   0x00000002   PAD
    0x0800f52c   0x0800f52c   0x00000230   Code   RO         1748    i.UART_SetConfig    stm32l0xx_hal_uart.o
    0x0800f75c   0x0800f75c   0x00000066   Code   RO         1749    i.UART_Transmit_IT  stm32l0xx_hal_uart.o
    0x0800f7c2   0x0800f7c2   0x00000062   Code   RO         1750    i.UART_WaitOnFlagUntilTimeout  stm32l0xx_hal_uart.o
    0x0800f824   0x0800f824   0x00000010   Code   RO         5566    i.USART1_IRQHandler  stm32l0xx_it.o
    0x0800f834   0x0800f834   0x00000048   Code   RO         9224    i.ValidatePayloadLength  loramac.o
    0x0800f87c   0x0800f87c   0x00000030   Code   RO        10064    i.__0vsnprintf      mc_p.l(printfa.o)
    0x0800f8ac   0x0800f8ac   0x0000002e   Code   RO        10234    i.__ARM_clz         mf_p.l(depilogue.o)
    0x0800f8da   0x0800f8da   0x00000030   Code   RO         5116    i.__ARM_common_ll_muluu  hw_rtc.o
    0x0800f90a   0x0800f90a   0x0000001a   Code   RO          503    i.__ARM_common_switch8  sx1276.o
    0x0800f924   0x0800f924   0x0000002c   Code   RO        10160    i.__ARM_fpclassify  m_ps.l(fpclassify.o)
    0x0800f950   0x0800f950   0x00000022   Code   RO        10162    i.__ARM_fpclassifyf  m_ps.l(fpclassifyf.o)
    0x0800f972   0x0800f972   0x00000012   Code   RO          574    i.__ARM_isinff      filter.o
    0x0800f984   0x0800f984   0x0000000e   Code   RO          575    i.__ARM_isnanf      filter.o
    0x0800f992   0x0800f992   0x00000002   PAD
    0x0800f994   0x0800f994   0x00000008   Code   RO        10212    i.__aeabi_errno_addr  mc_p.l(errno.o)
    0x0800f99c   0x0800f99c   0x000000ac   Code   RO        10178    i.__kernel_poly     m_ps.l(poly.o)
    0x0800fa48   0x0800fa48   0x0000000a   Code   RO        10147    i.__mathlib_dbl_infnan  m_ps.l(dunder.o)
    0x0800fa52   0x0800fa52   0x00000008   Code   RO        10148    i.__mathlib_dbl_infnan2  m_ps.l(dunder.o)
    0x0800fa5a   0x0800fa5a   0x00000010   Code   RO        10149    i.__mathlib_dbl_invalid  m_ps.l(dunder.o)
    0x0800fa6a   0x0800fa6a   0x00000002   PAD
    0x0800fa6c   0x0800fa6c   0x00000014   Code   RO        10152    i.__mathlib_dbl_underflow  m_ps.l(dunder.o)
    0x0800fa80   0x0800fa80   0x0000000a   Code   RO        10165    i.__mathlib_flt_infnan  m_ps.l(funder.o)
    0x0800fa8a   0x0800fa8a   0x0000000c   Code   RO        10167    i.__mathlib_flt_invalid  m_ps.l(funder.o)
    0x0800fa96   0x0800fa96   0x0000000e   Code   RO        10170    i.__mathlib_flt_underflow  m_ps.l(funder.o)
    0x0800faa4   0x0800faa4   0x00000180   Code   RO        10181    i.__mathlib_rredf2  m_ps.l(rredf.o)
    0x0800fc24   0x0800fc24   0x0000000e   Code   RO        10280    i.__scatterload_copy  mc_p.l(handlers.o)
    0x0800fc32   0x0800fc32   0x00000002   Code   RO        10281    i.__scatterload_null  mc_p.l(handlers.o)
    0x0800fc34   0x0800fc34   0x0000000e   Code   RO        10282    i.__scatterload_zeroinit  mc_p.l(handlers.o)
    0x0800fc42   0x0800fc42   0x00000002   PAD
    0x0800fc44   0x0800fc44   0x0000000c   Code   RO        10214    i.__set_errno       mc_p.l(errno.o)
    0x0800fc50   0x0800fc50   0x00000174   Code   RO        10066    i._fp_digits        mc_p.l(printfa.o)
    0x0800fdc4   0x0800fdc4   0x000006f0   Code   RO        10067    i._printf_core      mc_p.l(printfa.o)
    0x080104b4   0x080104b4   0x00000020   Code   RO        10068    i._printf_post_padding  mc_p.l(printfa.o)
    0x080104d4   0x080104d4   0x0000002c   Code   RO        10069    i._printf_pre_padding  mc_p.l(printfa.o)
    0x08010500   0x08010500   0x00000016   Code   RO        10070    i._snputc           mc_p.l(printfa.o)
    0x08010516   0x08010516   0x00000054   Code   RO         9887    i.aes_encrypt       aes.o
    0x0801056a   0x0801056a   0x00000002   PAD
    0x0801056c   0x0801056c   0x000000fc   Code   RO         9888    i.aes_set_key       aes.o
    0x08010668   0x08010668   0x00000274   Code   RO         9976    i.asin              m_ps.l(asin.o)
    0x080108dc   0x080108dc   0x00000014   Code   RO         5769    i.at_ACE_get        at.o
    0x080108f0   0x080108f0   0x00000060   Code   RO         5770    i.at_ACE_set        at.o
    0x08010950   0x08010950   0x00000022   Code   RO         5771    i.at_ADR_get        at.o
    0x08010972   0x08010972   0x0000002a   Code   RO         5772    i.at_ADR_set        at.o
    0x0801099c   0x0801099c   0x0000000e   Code   RO         5773    i.at_AppEUI_get     at.o
    0x080109aa   0x080109aa   0x00000024   Code   RO         5774    i.at_AppEUI_set     at.o
    0x080109ce   0x080109ce   0x0000000e   Code   RO         5775    i.at_AppKey_get     at.o
    0x080109dc   0x080109dc   0x00000026   Code   RO         5776    i.at_AppKey_set     at.o
    0x08010a02   0x08010a02   0x0000000e   Code   RO         5777    i.at_AppSKey_get    at.o
    0x08010a10   0x08010a10   0x00000026   Code   RO         5778    i.at_AppSKey_set    at.o
    0x08010a36   0x08010a36   0x00000002   PAD
    0x08010a38   0x08010a38   0x00000028   Code   RO         5779    i.at_BAT_get        at.o
    0x08010a60   0x08010a60   0x0000000e   Code   RO         5780    i.at_CAL            at.o
    0x08010a6e   0x08010a6e   0x00000002   PAD
    0x08010a70   0x08010a70   0x00000114   Code   RO         5781    i.at_CFG_run        at.o
    0x08010b84   0x08010b84   0x000000d0   Code   RO         5782    i.at_CHE_get        at.o
    0x08010c54   0x08010c54   0x0000008c   Code   RO         5783    i.at_CHE_set        at.o
    0x08010ce0   0x08010ce0   0x0000000e   Code   RO         5784    i.at_CHS_get        at.o
    0x08010cee   0x08010cee   0x00000002   PAD
    0x08010cf0   0x08010cf0   0x00000038   Code   RO         5785    i.at_CHS_set        at.o
    0x08010d28   0x08010d28   0x00000030   Code   RO         5786    i.at_DEBUG_run      at.o
    0x08010d58   0x08010d58   0x00000024   Code   RO         5787    i.at_DataRate_get   at.o
    0x08010d7c   0x08010d7c   0x00000064   Code   RO         5788    i.at_DataRate_set   at.o
    0x08010de0   0x08010de0   0x0000000a   Code   RO         5789    i.at_DevAddr_get    at.o
    0x08010dea   0x08010dea   0x00000024   Code   RO         5790    i.at_DevAddr_set    at.o
    0x08010e0e   0x08010e0e   0x0000000e   Code   RO         5791    i.at_DevEUI_get     at.o
    0x08010e1c   0x08010e1c   0x00000024   Code   RO         5792    i.at_DevEUI_set     at.o
    0x08010e40   0x08010e40   0x00000030   Code   RO         5793    i.at_DeviceClass_get  at.o
    0x08010e70   0x08010e70   0x0000005c   Code   RO         5794    i.at_DeviceClass_set  at.o
    0x08010ecc   0x08010ecc   0x00000020   Code   RO         5795    i.at_DownlinkCounter_get  at.o
    0x08010eec   0x08010eec   0x00000028   Code   RO         5796    i.at_DownlinkCounter_set  at.o
    0x08010f14   0x08010f14   0x0000002c   Code   RO         5797    i.at_DutyCycle_get  at.o
    0x08010f40   0x08010f40   0x0000001e   Code   RO         5798    i.at_DutyCycle_set  at.o
    0x08010f5e   0x08010f5e   0x00000002   PAD
    0x08010f60   0x08010f60   0x00000014   Code   RO         5799    i.at_DwellTime_get  at.o
    0x08010f74   0x08010f74   0x0000005c   Code   RO         5800    i.at_DwellTime_set  at.o
    0x08010fd0   0x08010fd0   0x00000028   Code   RO         5801    i.at_FDR            at.o
    0x08010ff8   0x08010ff8   0x0000000a   Code   RO         5802    i.at_Join           at.o
    0x08011002   0x08011002   0x00000020   Code   RO         5803    i.at_JoinAcceptDelay1_get  at.o
    0x08011022   0x08011022   0x00000002   PAD
    0x08011024   0x08011024   0x0000005c   Code   RO         5804    i.at_JoinAcceptDelay1_set  at.o
    0x08011080   0x08011080   0x00000020   Code   RO         5805    i.at_JoinAcceptDelay2_get  at.o
    0x080110a0   0x080110a0   0x0000005c   Code   RO         5806    i.at_JoinAcceptDelay2_set  at.o
    0x080110fc   0x080110fc   0x00000014   Code   RO         5807    i.at_KAT_get        at.o
    0x08011110   0x08011110   0x0000005c   Code   RO         5808    i.at_KAT_set        at.o
    0x0801116c   0x0801116c   0x00000014   Code   RO         5809    i.at_MOD_get        at.o
    0x08011180   0x08011180   0x0000007c   Code   RO         5810    i.at_MOD_set        at.o
    0x080111fc   0x080111fc   0x00000020   Code   RO         5811    i.at_NMEA353_get    at.o
    0x0801121c   0x0801121c   0x00000038   Code   RO         5812    i.at_NMEA353_set    at.o
    0x08011254   0x08011254   0x00000020   Code   RO         5813    i.at_NMEA886_get    at.o
    0x08011274   0x08011274   0x00000050   Code   RO         5814    i.at_NMEA886_set    at.o
    0x080112c4   0x080112c4   0x00000054   Code   RO         5815    i.at_NetworkID_get  at.o
    0x08011318   0x08011318   0x00000030   Code   RO         5816    i.at_NetworkID_set  at.o
    0x08011348   0x08011348   0x00000014   Code   RO         5817    i.at_NetworkJoinMode_get  at.o
    0x0801135c   0x0801135c   0x0000004c   Code   RO         5818    i.at_NetworkJoinMode_set  at.o
    0x080113a8   0x080113a8   0x00000028   Code   RO         5819    i.at_NetworkJoinStatus  at.o
    0x080113d0   0x080113d0   0x0000000e   Code   RO         5820    i.at_NwkSKey_get    at.o
    0x080113de   0x080113de   0x00000026   Code   RO         5821    i.at_NwkSKey_set    at.o
    0x08011404   0x08011404   0x00000028   Code   RO         5822    i.at_PDOP_get       at.o
    0x0801142c   0x0801142c   0x0000006c   Code   RO         5823    i.at_PDOP_set       at.o
    0x08011498   0x08011498   0x00000022   Code   RO         5824    i.at_PublicNetwork_get  at.o
    0x080114ba   0x080114ba   0x0000002a   Code   RO         5825    i.at_PublicNetwork_set  at.o
    0x080114e4   0x080114e4   0x00000014   Code   RO         5826    i.at_RJTDC_get      at.o
    0x080114f8   0x080114f8   0x00000060   Code   RO         5827    i.at_RJTDC_set      at.o
    0x08011558   0x08011558   0x00000014   Code   RO         5828    i.at_RPL_get        at.o
    0x0801156c   0x0801156c   0x00000060   Code   RO         5829    i.at_RPL_set        at.o
    0x080115cc   0x080115cc   0x00000044   Code   RO         5830    i.at_Receive        at.o
    0x08011610   0x08011610   0x00000050   Code   RO         5831    i.at_ReceiveBinary  at.o
    0x08011660   0x08011660   0x00000020   Code   RO         5832    i.at_Rx1Delay_get   at.o
    0x08011680   0x08011680   0x00000028   Code   RO         5833    i.at_Rx1Delay_set   at.o
    0x080116a8   0x080116a8   0x00000022   Code   RO         5834    i.at_Rx2DataRate_get  at.o
    0x080116ca   0x080116ca   0x00000002   PAD
    0x080116cc   0x080116cc   0x00000040   Code   RO         5835    i.at_Rx2DataRate_set  at.o
    0x0801170c   0x0801170c   0x00000020   Code   RO         5836    i.at_Rx2Delay_get   at.o
    0x0801172c   0x0801172c   0x00000028   Code   RO         5837    i.at_Rx2Delay_set   at.o
    0x08011754   0x08011754   0x00000020   Code   RO         5838    i.at_Rx2Frequency_get  at.o
    0x08011774   0x08011774   0x0000003c   Code   RO         5839    i.at_Rx2Frequency_set  at.o
    0x080117b0   0x080117b0   0x00000098   Code   RO         5840    i.at_Send           at.o
    0x08011848   0x08011848   0x000000cc   Code   RO         5841    i.at_SendBinary     at.o
    0x08011914   0x08011914   0x00000014   Code   RO         5842    i.at_TDC_get        at.o
    0x08011928   0x08011928   0x0000005c   Code   RO         5843    i.at_TDC_set        at.o
    0x08011984   0x08011984   0x00000024   Code   RO         5844    i.at_TransmitPower_get  at.o
    0x080119a8   0x080119a8   0x00000064   Code   RO         5845    i.at_TransmitPower_set  at.o
    0x08011a0c   0x08011a0c   0x00000020   Code   RO         5846    i.at_UplinkCounter_get  at.o
    0x08011a2c   0x08011a2c   0x00000028   Code   RO         5847    i.at_UplinkCounter_set  at.o
    0x08011a54   0x08011a54   0x00000014   Code   RO         5848    i.at_ack_get        at.o
    0x08011a68   0x08011a68   0x0000001e   Code   RO         5849    i.at_ack_set        at.o
    0x08011a86   0x08011a86   0x0000000e   Code   RO         5850    i.at_application_port_get  at.o
    0x08011a94   0x08011a94   0x00000028   Code   RO         5851    i.at_application_port_set  at.o
    0x08011abc   0x08011abc   0x00000014   Code   RO         5852    i.at_ftime_get      at.o
    0x08011ad0   0x08011ad0   0x00000024   Code   RO         5853    i.at_ftime_set      at.o
    0x08011af4   0x08011af4   0x00000154   Code   RO         5854    i.at_hardware_ic_get  at.o
    0x08011c48   0x08011c48   0x00000044   Code   RO         5855    i.at_hardware_ic_set  at.o
    0x08011c8c   0x08011c8c   0x00000014   Code   RO         5856    i.at_isack_get      at.o
    0x08011ca0   0x08011ca0   0x00000014   Code   RO         5857    i.at_loggps_get     at.o
    0x08011cb4   0x08011cb4   0x00000024   Code   RO         5858    i.at_loggps_set     at.o
    0x08011cd8   0x08011cd8   0x00000014   Code   RO         5859    i.at_lon_get        at.o
    0x08011cec   0x08011cec   0x00000020   Code   RO         5860    i.at_lon_set        at.o
    0x08011d0c   0x08011d0c   0x00000044   Code   RO         5861    i.at_md_get         at.o
    0x08011d50   0x08011d50   0x0000007c   Code   RO         5862    i.at_md_set         at.o
    0x08011dcc   0x08011dcc   0x00000014   Code   RO         5863    i.at_mlon_get       at.o
    0x08011de0   0x08011de0   0x00000020   Code   RO         5864    i.at_mlon_set       at.o
    0x08011e00   0x08011e00   0x00000004   Code   RO         5865    i.at_reset          at.o
    0x08011e04   0x08011e04   0x00000004   Code   RO         5866    i.at_return_error   at.o
    0x08011e08   0x08011e08   0x0000000e   Code   RO         5868    i.at_rssi_get       at.o
    0x08011e16   0x08011e16   0x00000002   PAD
    0x08011e18   0x08011e18   0x00000014   Code   RO         5869    i.at_sgm_get        at.o
    0x08011e2c   0x08011e2c   0x00000038   Code   RO         5870    i.at_sgm_set        at.o
    0x08011e64   0x08011e64   0x0000000e   Code   RO         5871    i.at_snr_get        at.o
    0x08011e72   0x08011e72   0x00000002   PAD
    0x08011e74   0x08011e74   0x00000014   Code   RO         5872    i.at_symbtimeout1LSB_get  at.o
    0x08011e88   0x08011e88   0x0000002c   Code   RO         5873    i.at_symbtimeout1LSB_set  at.o
    0x08011eb4   0x08011eb4   0x00000014   Code   RO         5874    i.at_symbtimeout2LSB_get  at.o
    0x08011ec8   0x08011ec8   0x0000002c   Code   RO         5875    i.at_symbtimeout2LSB_set  at.o
    0x08011ef4   0x08011ef4   0x00000024   Code   RO         5876    i.at_version_get    at.o
    0x08011f18   0x08011f18   0x0000021c   Code   RO        10137    i.atan              m_ps.l(atan.o)
    0x08012134   0x08012134   0x0000019c   Code   RO         9986    i.atan2             m_ps.l(atan2.o)
    0x080122d0   0x080122d0   0x00000060   Code   RO          948    i.calibrate1        mpu9250.o
    0x08012330   0x08012330   0x00000160   Code   RO          949    i.calibrate2        mpu9250.o
    0x08012490   0x08012490   0x000000c8   Code   RO         9994    i.ceil              m_ps.l(ceil.o)
    0x08012558   0x08012558   0x00000010   Code   RO         9492    i.certif_DownLinkIncrement  lora-test.o
    0x08012568   0x08012568   0x00000014   Code   RO         9493    i.certif_linkCheck  lora-test.o
    0x0801257c   0x0801257c   0x0000000c   Code   RO         9494    i.certif_running    lora-test.o
    0x08012588   0x08012588   0x000001d4   Code   RO         9495    i.certif_rx         lora-test.o
    0x0801275c   0x0801275c   0x000000ac   Code   RO         9496    i.certif_tx         lora-test.o
    0x08012808   0x08012808   0x000000ac   Code   RO         5877    i.changeform        at.o
    0x080128b4   0x080128b4   0x0000003c   Code   RO          766    i.check             gps.o
    0x080128f0   0x080128f0   0x0000001c   Code   RO         6504    i.com_error         command.o
    0x0801290c   0x0801290c   0x00000084   Code   RO         9889    i.copy_and_key      aes.o
    0x08012990   0x08012990   0x00000042   Code   RO         9890    i.copy_block        aes.o
    0x080129d2   0x080129d2   0x0000003c   Code   RO          767    i.copytxdata        gps.o
    0x08012a0e   0x08012a0e   0x00000002   PAD
    0x08012a10   0x08012a10   0x00000178   Code   RO         9998    i.cosf              m_ps.l(cosf.o)
    0x08012b88   0x08012b88   0x0000000c   Code   RO         6584    i.customize_freq1_get  lora.o
    0x08012b94   0x08012b94   0x0000000c   Code   RO         6585    i.customize_freq1_set  lora.o
    0x08012ba0   0x08012ba0   0x0000000c   Code   RO         6586    i.customize_set8channel_get  lora.o
    0x08012bac   0x08012bac   0x0000000c   Code   RO         6587    i.customize_set8channel_set  lora.o
    0x08012bb8   0x08012bb8   0x000000a0   Code   RO         6588    i.fdr_config        lora.o
    0x08012c58   0x08012c58   0x000000c8   Code   RO        10006    i.floor             m_ps.l(floor.o)
    0x08012d20   0x08012d20   0x00000098   Code   RO         6589    i.gicom_config      lora.o
    0x08012db8   0x08012db8   0x0000000c   Code   RO         6590    i.gps_state_no      lora.o
    0x08012dc4   0x08012dc4   0x0000000c   Code   RO         6591    i.gps_state_off     lora.o
    0x08012dd0   0x08012dd0   0x0000000c   Code   RO         6592    i.gps_state_on      lora.o
    0x08012ddc   0x08012ddc   0x00000034   Code   RO         5189    i.invSqrt           main.o
    0x08012e10   0x08012e10   0x0000004c   Code   RO          220    i.iwdg_init         iwdg.o
    0x08012e5c   0x08012e5c   0x00000064   Code   RO         6593    i.key_printf        lora.o
    0x08012ec0   0x08012ec0   0x00000008   Code   RO         6594    i.lora_config_appeui_get  lora.o
    0x08012ec8   0x08012ec8   0x00000014   Code   RO         6595    i.lora_config_appeui_set  lora.o
    0x08012edc   0x08012edc   0x00000008   Code   RO         6596    i.lora_config_appkey_get  lora.o
    0x08012ee4   0x08012ee4   0x00000014   Code   RO         6597    i.lora_config_appkey_set  lora.o
    0x08012ef8   0x08012ef8   0x0000000c   Code   RO         6598    i.lora_config_application_port_get  lora.o
    0x08012f04   0x08012f04   0x0000000c   Code   RO         6599    i.lora_config_application_port_set  lora.o
    0x08012f10   0x08012f10   0x00000008   Code   RO         6600    i.lora_config_appskey_get  lora.o
    0x08012f18   0x08012f18   0x00000014   Code   RO         6601    i.lora_config_appskey_set  lora.o
    0x08012f2c   0x08012f2c   0x00000048   Code   RO         6602    i.lora_config_devaddr_get  lora.o
    0x08012f74   0x08012f74   0x0000000c   Code   RO         6603    i.lora_config_devaddr_set  lora.o
    0x08012f80   0x08012f80   0x00000008   Code   RO         6604    i.lora_config_deveui_get  lora.o
    0x08012f88   0x08012f88   0x00000014   Code   RO         6605    i.lora_config_deveui_set  lora.o
    0x08012f9c   0x08012f9c   0x0000000c   Code   RO         6606    i.lora_config_duty_cycle_get  lora.o
    0x08012fa8   0x08012fa8   0x00000018   Code   RO         6607    i.lora_config_duty_cycle_set  lora.o
    0x08012fc0   0x08012fc0   0x00000018   Code   RO         6608    i.lora_config_isack_get  lora.o
    0x08012fd8   0x08012fd8   0x00000008   Code   RO         6609    i.lora_config_nwkskey_get  lora.o
    0x08012fe0   0x08012fe0   0x00000014   Code   RO         6610    i.lora_config_nwkskey_set  lora.o
    0x08012ff4   0x08012ff4   0x0000000c   Code   RO         6611    i.lora_config_otaa_get  lora.o
    0x08013000   0x08013000   0x0000000c   Code   RO         6612    i.lora_config_otaa_set  lora.o
    0x0801300c   0x0801300c   0x0000000c   Code   RO         6613    i.lora_config_reqack_get  lora.o
    0x08013018   0x08013018   0x0000000c   Code   RO         6614    i.lora_config_reqack_set  lora.o
    0x08013024   0x08013024   0x0000000c   Code   RO         6615    i.lora_config_rssi_get  lora.o
    0x08013030   0x08013030   0x0000000c   Code   RO         6616    i.lora_config_snr_get  lora.o
    0x0801303c   0x0801303c   0x0000000c   Code   RO         6618    i.lora_config_tx_datarate_set  lora.o
    0x08013048   0x08013048   0x0000000c   Code   RO         6619    i.lora_getGPSState  lora.o
    0x08013054   0x08013054   0x0000000c   Code   RO         6620    i.lora_getState     lora.o
    0x08013060   0x08013060   0x00000588   Code   RO         5190    i.lora_send         main.o
    0x080135e8   0x080135e8   0x0000000c   Code   RO         6622    i.lora_state_GPS_Send  lora.o
    0x080135f4   0x080135f4   0x00000028   Code   RO         6623    i.lora_state_INT    lora.o
    0x0801361c   0x0801361c   0x0000000c   Code   RO         6624    i.lora_state_Led    lora.o
    0x08013628   0x08013628   0x0000019c   Code   RO         5191    i.main              main.o
    0x080137c4   0x080137c4   0x00000016   Code   RO         9733    i.memcpy1           utilities.o
    0x080137da   0x080137da   0x0000001a   Code   RO         9734    i.memcpyr           utilities.o
    0x080137f4   0x080137f4   0x00000012   Code   RO         9735    i.memset1           utilities.o
    0x08013806   0x08013806   0x00000002   PAD
    0x08013808   0x08013808   0x00000218   Code   RO         9891    i.mix_sub_columns   aes.o
    0x08013a20   0x08013a20   0x0000000a   Code   RO          769    i.my_atof           gps.o
    0x08013a2a   0x08013a2a   0x00000048   Code   RO          770    i.my_atoi           gps.o
    0x08013a72   0x08013a72   0x00000002   PAD
    0x08013a74   0x08013a74   0x0000011c   Code   RO          771    i.my_strtod         gps.o
    0x08013b90   0x08013b90   0x00000050   Code   RO         6627    i.new_firmware_update  lora.o
    0x08013be0   0x08013be0   0x000000c8   Code   RO         6505    i.parse_cmd         command.o
    0x08013ca8   0x08013ca8   0x00000060   Code   RO         4864    i.powerLED          bsp.o
    0x08013d08   0x08013d08   0x0000004c   Code   RO         5878    i.print_16_02x      at.o
    0x08013d54   0x08013d54   0x00000058   Code   RO         5879    i.print_8_02x       at.o
    0x08013dac   0x08013dac   0x0000001c   Code   RO         5880    i.print_d           at.o
    0x08013dc8   0x08013dc8   0x0000001c   Code   RO         5881    i.print_u           at.o
    0x08013de4   0x08013de4   0x00000044   Code   RO         6506    i.printf_all_config  command.o
    0x08013e28   0x08013e28   0x000000c8   Code   RO         9225    i.printf_joinmessage  loramac.o
    0x08013ef0   0x08013ef0   0x000002f0   Code   RO         5192    i.printf_uplink     main.o
    0x080141e0   0x080141e0   0x0000002c   Code   RO         9736    i.rand1             utilities.o
    0x0801420c   0x0801420c   0x00000016   Code   RO         9737    i.randr             utilities.o
    0x08014222   0x08014222   0x0000007e   Code   RO         6628    i.read_data         lora.o
    0x080142a0   0x080142a0   0x00000018   Code   RO         6629    i.region_printf     lora.o
    0x080142b8   0x080142b8   0x0000009c   Code   RO        10009    i.round             m_ps.l(round.o)
    0x08014354   0x08014354   0x000000c8   Code   RO         5193    i.send_ALARM_data   main.o
    0x0801441c   0x0801441c   0x000000f0   Code   RO         5194    i.send_data         main.o
    0x0801450c   0x0801450c   0x00000018   Code   RO         5195    i.send_exti         main.o
    0x08014524   0x08014524   0x00000018   Code   RO         5196    i.send_moin         main.o
    0x0801453c   0x0801453c   0x00000078   Code   RO          773    i.send_setting      gps.o
    0x080145b4   0x080145b4   0x00000024   Code   RO         5882    i.set_at_receive    at.o
    0x080145d8   0x080145d8   0x00000068   Code   RO         9892    i.shift_sub_rows    aes.o
    0x08014640   0x08014640   0x00000036   Code   RO          774    i.split             gps.o
    0x08014676   0x08014676   0x00000002   PAD
    0x08014678   0x08014678   0x00000048   Code   RO        10012    i.sqrt              m_ps.l(sqrt.o)
    0x080146c0   0x080146c0   0x0000000c   Code   RO         9738    i.srand1            utilities.o
    0x080146cc   0x080146cc   0x00000074   Code   RO         5883    i.sscanf_16_hhx     at.o
    0x08014740   0x08014740   0x0000007c   Code   RO         5884    i.sscanf_8_hhx      at.o
    0x080147bc   0x080147bc   0x0000006c   Code   RO         5885    i.sscanf_uint32_as_hhx  at.o
    0x08014828   0x08014828   0x000000c8   Code   RO         6630    i.store_data        lora.o
    0x080148f0   0x080148f0   0x00000040   Code   RO         6631    i.string_touint     lora.o
    0x08014930   0x08014930   0x00000170   Code   RO        10020    i.tanf              m_ps.l(tanf.o)
    0x08014aa0   0x08014aa0   0x000000b0   Code   RO         5197    i.timing            main.o
    0x08014b50   0x08014b50   0x00000014   Code   RO         6987    i.tiny_sscanf       tiny_sscanf.o
    0x08014b64   0x08014b64   0x00000254   Code   RO         6988    i.tiny_vfscanf      tiny_sscanf.o
    0x08014db8   0x08014db8   0x0000002c   Code   RO         5886    i.translate_status  at.o
    0x08014de4   0x08014de4   0x0000003a   Code   RO         1089    i.usart1_IRQHandler  bsp_usart2.o
    0x08014e1e   0x08014e1e   0x00000002   PAD
    0x08014e20   0x08014e20   0x00000040   Code   RO         1090    i.usart1_Init       bsp_usart2.o
    0x08014e60   0x08014e60   0x00000054   Code   RO         1092    i.usart1_IoInit     bsp_usart2.o
    0x08014eb4   0x08014eb4   0x000001e4   Code   RO         5198    i.user_key_event    main.o
    0x08015098   0x08015098   0x00000010   Code   RO         5682    i.vcom_DMA_TX_IRQHandler  vcom.o
    0x080150a8   0x080150a8   0x00000010   Code   RO         5684    i.vcom_IRQHandler   vcom.o
    0x080150b8   0x080150b8   0x0000003c   Code   RO         5685    i.vcom_Init         vcom.o
    0x080150f4   0x080150f4   0x00000060   Code   RO         5687    i.vcom_IoInit       vcom.o
    0x08015154   0x08015154   0x0000002c   Code   RO         5688    i.vcom_ReceiveInit  vcom.o
    0x08015180   0x08015180   0x00000014   Code   RO         5689    i.vcom_Trace        vcom.o
    0x08015194   0x08015194   0x00000082   Code   RO         9893    i.xor_block         aes.o
    0x08015216   0x08015216   0x00000002   PAD
    0x08015218   0x08015218   0x000000e0   Data   RO          308    .constdata          sx1276.o
    0x080152f8   0x080152f8   0x00000068   Data   RO         1347    .constdata          sx1276mb1las.o
    0x08015360   0x08015360   0x00000019   Data   RO         1427    .constdata          system_stm32l0xx.o
    0x08015379   0x08015379   0x00000008   Data   RO         1428    .constdata          system_stm32l0xx.o
    0x08015381   0x08015381   0x00000018   Data   RO         5026    .constdata          hw_rtc.o
    0x08015399   0x08015399   0x00000003   PAD
    0x0801539c   0x0801539c   0x000005e0   Data   RO         6508    .constdata          command.o
    0x0801597c   0x0801597c   0x000000b6   Data   RO         7413    .constdata          regionau915.o
    0x08015a32   0x08015a32   0x00000010   Data   RO         9227    .constdata          loramac.o
    0x08015a42   0x08015a42   0x00000300   Data   RO         9894    .constdata          aes.o
    0x08015d42   0x08015d42   0x00000006   PAD
    0x08015d48   0x08015d48   0x00000050   Data   RO         9977    .constdata          m_ps.l(asin.o)
    0x08015d98   0x08015d98   0x00000098   Data   RO        10138    .constdata          m_ps.l(atan.o)
    0x08015e30   0x08015e30   0x00000008   Data   RO        10180    .constdata          m_ps.l(qnan.o)
    0x08015e38   0x08015e38   0x00000020   Data   RO        10182    .constdata          m_ps.l(rredf.o)
    0x08015e58   0x08015e58   0x00000081   Data   RO        10246    .constdata          mc_p.l(ctype_o.o)
    0x08015ed9   0x08015ed9   0x00000003   PAD
    0x08015edc   0x08015edc   0x00000004   Data   RO        10247    .constdata          mc_p.l(ctype_o.o)
    0x08015ee0   0x08015ee0   0x000000a4   Data   RO         5889    .conststring        at.o
    0x08015f84   0x08015f84   0x000011f6   Data   RO         6509    .conststring        command.o
    0x0801717a   0x0801717a   0x00000002   PAD
    0x0801717c   0x0801717c   0x00000020   Data   RO        10278    Region$$Table       anon$$obj.o


    Execution Region RW_IRAM1 (Exec base: 0x20000000, Load base: 0x0801719c, Size: 0x00002980, Max: 0x00005000, ABSOLUTE, COMPRESSED[0x000000f4])

    Exec Addr    Load Addr    Size         Type   Attr      Idx    E Section Name        Object

    0x20000000   COMPRESSED   0x00000008   Data   RW            9    .data               flash_eraseprogram.o
    0x20000008   COMPRESSED   0x0000000c   Data   RW          222    .data               iwdg.o
    0x20000014   COMPRESSED   0x00000020   Data   RW          309    .data               sx1276.o
    0x20000034   COMPRESSED   0x000000c0   Data   RW          576    .data               filter.o
    0x200000f4   COMPRESSED   0x0000002c   Data   RW          776    .data               gps.o
    0x20000120   COMPRESSED   0x00000044   Data   RW          951    .data               mpu9250.o
    0x20000164   COMPRESSED   0x0000001c   Data   RW         1348    .data               sx1276mb1las.o
    0x20000180   COMPRESSED   0x00000004   Data   RW         1429    .data               system_stm32l0xx.o
    0x20000184   COMPRESSED   0x00000004   Data   RW         2467    .data               stm32l0xx_hal.o
    0x20000188   COMPRESSED   0x00000006   Data   RW         4865    .data               bsp.o
    0x2000018e   COMPRESSED   0x00000004   Data   RW         5027    .data               hw_rtc.o
    0x20000192   COMPRESSED   0x00000002   PAD
    0x20000194   COMPRESSED   0x000001b4   Data   RW         5201    .data               main.o
    0x20000348   COMPRESSED   0x00000001   Data   RW         5208    .data               main.o
    0x20000349   COMPRESSED   0x00000001   Data   RW         5209    .data               main.o
    0x2000034a   COMPRESSED   0x00000001   Data   RW         5210    .data               main.o
    0x2000034b   COMPRESSED   0x00000001   Data   RW         5211    .data               main.o
    0x2000034c   COMPRESSED   0x00000001   Data   RW         5212    .data               main.o
    0x2000034d   COMPRESSED   0x00000001   PAD
    0x2000034e   COMPRESSED   0x00000002   Data   RW         5214    .data               main.o
    0x20000350   COMPRESSED   0x00000002   Data   RW         5219    .data               main.o
    0x20000352   COMPRESSED   0x00000002   Data   RW         5463    .data               stm32l0xx_hw.o
    0x20000354   COMPRESSED   0x00000002   Data   RW         5568    .data               stm32l0xx_it.o
    0x20000356   COMPRESSED   0x00000002   PAD
    0x20000358   COMPRESSED   0x0000000c   Data   RW         5691    .data               vcom.o
    0x20000364   COMPRESSED   0x00000038   Data   RW         5890    .data               at.o
    0x2000039c   COMPRESSED   0x00000002   Data   RW         5891    .data               at.o
    0x2000039e   COMPRESSED   0x00000002   PAD
    0x200003a0   COMPRESSED   0x00000004   Data   RW         5892    .data               at.o
    0x200003a4   COMPRESSED   0x00000008   Data   RW         6510    .data               command.o
    0x200003ac   COMPRESSED   0x00000088   Data   RW         6633    .data               lora.o
    0x20000434   COMPRESSED   0x00000002   Data   RW         6634    .data               lora.o
    0x20000436   COMPRESSED   0x00000002   PAD
    0x20000438   COMPRESSED   0x00000014   Data   RW         7414    .data               regionau915.o
    0x2000044c   COMPRESSED   0x0000007c   Data   RW         9228    .data               loramac.o
    0x200004c8   COMPRESSED   0x00000020   Data   RW         9439    .data               loramaccrypto.o
    0x200004e8   COMPRESSED   0x00000002   Data   RW         9498    .data               lora-test.o
    0x200004ea   COMPRESSED   0x00000002   PAD
    0x200004ec   COMPRESSED   0x00000008   Data   RW         9582    .data               low_power_manager.o
    0x200004f4   COMPRESSED   0x00000004   Data   RW         9658    .data               timeserver.o
    0x200004f8   COMPRESSED   0x00000004   Data   RW         9739    .data               utilities.o
    0x200004fc   COMPRESSED   0x00000001   Data   RW         9795    .data               trace.o
    0x200004fd   COMPRESSED   0x00000003   PAD
    0x20000500   COMPRESSED   0x00000004   Data   RW        10215    .data               mc_p.l(errno.o)
    0x20000504        -       0x0000000c   Zero   RW            8    .bss                flash_eraseprogram.o
    0x20000510        -       0x00000048   Zero   RW          221    .bss                iwdg.o
    0x20000558        -       0x000001a4   Zero   RW          307    .bss                sx1276.o
    0x200006fc        -       0x0000003c   Zero   RW          678    .bss                iic.o
    0x20000738        -       0x000008d8   Zero   RW          775    .bss                gps.o
    0x20001010        -       0x00000070   Zero   RW         1094    .bss                bsp_usart2.o
    0x20001080        -       0x00000018   Zero   RW         4742    .bss                stm32l0xx_hal_flash.o
    0x20001098        -       0x00000040   Zero   RW         4963    .bss                hw_gpio.o
    0x200010d8        -       0x00000068   Zero   RW         5025    .bss                hw_rtc.o
    0x20001140        -       0x00000058   Zero   RW         5132    .bss                hw_spi.o
    0x20001198        -       0x00000294   Zero   RW         5199    .bss                main.o
    0x2000142c        -       0x00000100   Zero   RW         5200    .bss                main.o
    0x2000152c        -       0x00000060   Zero   RW         5462    .bss                stm32l0xx_hw.o
    0x2000158c        -       0x000000b0   Zero   RW         5690    .bss                vcom.o
    0x2000163c        -       0x00000040   Zero   RW         5887    .bss                at.o
    0x2000167c        -       0x000000ff   Zero   RW         5888    .bss                at.o
    0x2000177b        -       0x00000080   Zero   RW         6507    .bss                command.o
    0x200017fb   COMPRESSED   0x00000001   PAD
    0x200017fc        -       0x00000128   Zero   RW         6632    .bss                lora.o
    0x20001924        -       0x00000390   Zero   RW         7412    .bss                regionau915.o
    0x20001cb4        -       0x00000470   Zero   RW         9226    .bss                loramac.o
    0x20002124        -       0x0000022c   Zero   RW         9438    .bss                loramaccrypto.o
    0x20002350        -       0x00000110   Zero   RW         9497    .bss                lora-test.o
    0x20002460        -       0x00000120   Zero   RW         9794    .bss                trace.o
    0x20002580        -       0x00000400   Zero   RW         4847    STACK               startup_stm32l072xx.o


==============================================================================

Image component sizes


      Code (inc. data)   RO Data    RW Data    ZI Data      Debug   Object Name

      1304         12        768          0          0      14552   aes.o
      6524       1790        164         62        319      76473   at.o
       600         40          0          6          0       6829   bsp.o
       206         20          0          0        112       3208   bsp_usart2.o
       554          0          0          0          0       4545   cmac.o
       428         56       6102          8        128       4638   command.o
        98          4          0          0          0       1415   debug.o
         8          0          0          0          0       1154   delay.o
      1952        132          0        192          0      16227   filter.o
       348        134          0          8         12     455951   flash_eraseprogram.o
        88         12          0          0          0       1261   gpio_exti.o
      4080        750          0         44       2264      20390   gps.o
       234         26          0          0         64       3949   hw_gpio.o
       938         98         24          4        104      12021   hw_rtc.o
       372         24          0          0         88       3243   hw_spi.o
       736         26          0          0         60       8078   iic.o
       360         66          0         12         72       4054   iwdg.o
       736         86          0          2        272       7457   lora-test.o
      4472        978          0        138        296      38927   lora.o
      8964       1014         16        124       1136      50520   loramac.o
       620         42          0         32        556       7927   loramaccrypto.o
       178         22          0          8          0       5478   low_power_manager.o
     11128       1424          0        445        916      36317   main.o
      1646         98          0         68          0      15716   mpu9250.o
       918          8          0          0          0       6082   queue.o
       422          0          0          0          0      30169   region.o
      3580        452        182         20        912      30644   regionau915.o
      1062         26          0          0          0      14675   regioncommon.o
        28          8        192          0       1024        660   startup_stm32l072xx.o
       108         30          0          4          0       4796   stm32l0xx_hal.o
      1026         36          0          0          0       7312   stm32l0xx_hal_adc.o
       170          0          0          0          0       1654   stm32l0xx_hal_adc_ex.o
        96         14          0          0          0      10268   stm32l0xx_hal_cortex.o
      1164         20          0          0          0       5070   stm32l0xx_hal_dma.o
       396         54          0          0         24       4202   stm32l0xx_hal_flash.o
       304         50          0          0          0       5432   stm32l0xx_hal_flash_ex.o
       442         38          0          0          0       4731   stm32l0xx_hal_gpio.o
       116         20          0          0          0       2019   stm32l0xx_hal_iwdg.o
       242         20          0          0          0       4448   stm32l0xx_hal_msp.o
       116         22          0          0          0       2038   stm32l0xx_hal_pwr.o
        32          8          0          0          0       1233   stm32l0xx_hal_pwr_ex.o
      1772        114          0          0          0       7288   stm32l0xx_hal_rcc.o
       844         56          0          0          0       3609   stm32l0xx_hal_rcc_ex.o
      1514         26          0          0          0      10468   stm32l0xx_hal_rtc.o
        60          0          0          0          0       1307   stm32l0xx_hal_rtc_ex.o
      1008          0          0          0          0       4671   stm32l0xx_hal_spi.o
      1176         36          0          0          0      13552   stm32l0xx_hal_tim.o
        30          0          0          0          0       1268   stm32l0xx_hal_tim_ex.o
      2332        106          0          0          0      16856   stm32l0xx_hal_uart.o
       196          4          0          0          0       3024   stm32l0xx_hal_uart_ex.o
       888        132          0          2         96       8532   stm32l0xx_hw.o
       310         40          0          2          0       8561   stm32l0xx_it.o
      5618        418        224         32        420      45151   sx1276.o
       534         60        104         28          0      12965   sx1276mb1las.o
        84         18         33          4          0       1731   system_stm32l0xx.o
       484         18          0          4          0       8367   timeserver.o
       616         22          0          0          0       4530   tiny_sscanf.o
       244         28          0          1        288       4523   trace.o
       144         24          0          4          0       4867   utilities.o
       540         80          0         12        176       6276   vcom.o

    ----------------------------------------------------------------------
     75278       8842       7852       1280       9340    1103309   Object Totals
         0          0         32          0          0          0   (incl. Generated)
        88          0         11         14          1          0   (incl. Padding)

    ----------------------------------------------------------------------

      Code (inc. data)   RO Data    RW Data    ZI Data      Debug   Library Member Name

       628         54         80          0          0        104   asin.o
       540         68        152          0          0        112   atan.o
       412         40          0          0          0        144   atan2.o
       200         20          0          0          0         76   ceil.o
       376         58          0          0          0        104   cosf.o
        54          6          0          0          0        272   dunder.o
       200         20          0          0          0         76   floor.o
        44          4          0          0          0         60   fpclassify.o
        34          0          0          0          0         60   fpclassifyf.o
        36          0          0          0          0        204   funder.o
       172          0          0          0          0         76   poly.o
         0          0          8          0          0          0   qnan.o
       156         14          0          0          0         84   round.o
       384         18         32          0          0         88   rredf.o
        72          6          0          0          0         76   sqrt.o
       368         56          0          0          0        100   tanf.o
        60         10          0          0          0         84   __0sscanf.o
        86          0          0          0          0          0   __dczerorl2.o
        30          0          0          0          0         60   _chval.o
       828         14          0          0          0         84   _scanf.o
       330          0          0          0          0         84   _scanf_int.o
        68          0          0          0          0         76   _sgetc.o
       166          0          0          0          0         84   _strtoul.o
        26          0          0          0          0         72   atoi.o
         8          4        133          0          0         60   ctype_o.o
         0          0          0          0          0          0   entry.o
         0          0          0          0          0          0   entry10a.o
         0          0          0          0          0          0   entry11a.o
         4          0          0          0          0          0   entry12b.o
         8          4          0          0          0          0   entry2.o
         4          0          0          0          0          0   entry5.o
         0          0          0          0          0          0   entry7b.o
         0          0          0          0          0          0   entry8b.o
         8          4          0          0          0          0   entry9a.o
        20         10          0          4          0        120   errno.o
        30          0          0          0          0          0   handlers.o
        40          0          0          0          0         72   idiv.o
        36          8          0          0          0         68   init.o
        18          0          0          0          0         68   isspace_o.o
         0          0          0          0          0          0   iusefp.o
       122          0          0          0          0         84   llmul.o
        32          0          0          0          0         68   llshl.o
        38          0          0          0          0         68   llsshr.o
        34          0          0          0          0         68   llushr.o
        36          0          0          0          0         60   memcpya.o
        36          0          0          0          0        100   memseta.o
      2294         94          0          0          0        460   printfa.o
        44          8          0          0          0         84   scanf_char.o
        28          0          0          0          0         68   strcmp.o
        18          0          0          0          0         60   strcpy.o
        14          0          0          0          0         60   strlen.o
        30          0          0          0          0         72   strncmp.o
        26          0          0          0          0         68   strncpy.o
       112          4          0          0          0         76   strtol.o
        44          0          0          0          0         72   uidiv.o
        96          0          0          0          0         84   uldiv.o
        40          2          0          0          0         68   cdcmple.o
        40          2          0          0          0         68   cdrcmple.o
        20          0          0          0          0         68   cfcmple.o
        20          0          0          0          0         68   cfrcmple.o
        56          0          0          0          0         68   d2f.o
       360          6          0          0          0        140   dadd.o
       240          6          0          0          0         84   ddiv.o
       236          0          0          0          0        216   depilogue.o
        72         10          0          0          0         72   dfixi.o
        60         10          0          0          0         68   dfixui.o
        64         10          0          0          0         68   dfixul.o
        40          6          0          0          0         68   dflti.o
        28          4          0          0          0         68   dfltui.o
       208          6          0          0          0         88   dmul.o
       124         10          0          0          0         76   drnd.o
        44          0          0          0          0         72   dscalb.o
       162          0          0          0          0         80   dsqrt.o
        40          0          0          0          0         60   f2d.o
       178          0          0          0          0        108   fadd.o
       124          0          0          0          0         72   fdiv.o
       130          0          0          0          0        144   fepilogue.o
        50          0          0          0          0         60   ffixi.o
        40          0          0          0          0         60   ffixui.o
        22          0          0          0          0         68   fflti.o
        14          0          0          0          0         68   ffltui.o
       122          0          0          0          0         72   fmul.o
        62          0          0          0          0         68   frnd.o
        24          0          0          0          0         60   fscalb.o

    ----------------------------------------------------------------------
     11082        596        408          4          0       6400   Library Totals
        12          0          3          0          0          0   (incl. Padding)

    ----------------------------------------------------------------------

      Code (inc. data)   RO Data    RW Data    ZI Data      Debug   Library Name

      3676        364        272          0          0       1636   m_ps.l
      4774        160        133          4          0       2484   mc_p.l
      2620         72          0          0          0       2280   mf_p.l

    ----------------------------------------------------------------------
     11082        596        408          4          0       6400   Library Totals

    ----------------------------------------------------------------------

==============================================================================


      Code (inc. data)   RO Data    RW Data    ZI Data      Debug   

     86360       9438       8260       1284       9340    1077473   Grand Totals
     86360       9438       8260        244       9340    1077473   ELF Image Totals (compressed)
     86360       9438       8260        244          0          0   ROM Totals

==============================================================================

    Total RO  Size (Code + RO Data)                94620 (  92.40kB)
    Total RW  Size (RW Data + ZI Data)             10624 (  10.38kB)
    Total ROM Size (Code + RO Data + RW Data)      94864 (  92.64kB)

==============================================================================

